<html>
<body>
<pre>
<h1>µVision Build Log</h1>
<h2>Project:</h2>
C:\Users\robert\Documents\fh\Project\GUI\main_LPC17xx.uvproj
Project File Date:  01/24/2018

<h2>Output:</h2>
Build target 'Target 1'
compiling main.cpp...
linking...
Program Size: Code=26862 RO-data=3738 RW-data=252 ZI-data=29244  
FromELF: creating hex file...
".\Bin\LPC17xx\main.axf" - 0 Error(s), 0 Warning(s).
Load "C:\\Users\\robert\\Documents\\fh\\Project\\GUI\\Bin\\LPC17xx\\main.axf" 
Erase Done.
Programming Done.
Verify OK.
Application running ...
</pre>
</body>
</html>
(s).
Target not created
clared but never referenced
        float time = 0;
Src\main.cpp: 1 warning, 3 errors
".\Bin\LPC17xx\main.axf" - 3 Error(s), 1 Warning(s).
Target not created
;
Src\main.cpp: 1 warning, 4 errors
".\Bin\LPC17xx\main.axf" - 4 Error(s), 1 Warning(s).
Target not created
vent _e, int _payload)
Src\GUIPagedView.cpp: 0 warnings, 1 error
".\Bin\LPC17xx\main.axf" - 2 Error(s), 0 Warning(s).
Target not created
superView);
                                      ^
Src\main.cpp: 1 warning, 2 errors
compiling GUISelect.cpp...
".\Bin\LPC17xx\main.axf" - 2 Error(s), 1 Warning(s).
Target not created
able *" and "IEventCaller *")
                        if (ptr == _caller)
Src\GUISelect.cpp: 0 warnings, 1 error
".\Bin\LPC17xx\main.axf" - 3 Error(s), 1 Warning(s).
Target not created
ing(s).
Target not created
id GUIStepper::onEventHandle(IEventCaller *, GUIEvent::Event)" (declared at line 51 of "Src\GUIStepper.h")
  void GUIStepper::onEventHandle(IEventCaller *_caller, GUIEvent::Event _e, int _payload)
Src\GUIStepper.cpp: 0 warnings, 1 error
".\Bin\LPC17xx\main.axf" - 4 Error(s), 1 Warning(s).
Target not created
Bin\LPC17xx\main.axf" - 4 Error(s), 2 Warning(s).
Target not created
 new GUISelect(Rect(50, 150, 200, 30), BLACK, 3, "LED2", "LED3", "LED4");
                                ^
Src\main.cpp(113): error:  #322: object of abstract class type "GUIPagedView" is not allowed:
            pure virtual function "IEventHandler::onEventHandle" has no overrider
        GUIPagedView *pagedView = new GUIPagedView(GUI::screenRect, 2, secondView, superView);
                                      ^
Src\main.cpp: 4 warnings, 4 errors
".\Bin\LPC17xx\main.axf" - 4 Error(s), 4 Warning(s).
Target not created
 150, 200, 30), BLACK, 3, "LED2", "LED3", "LED4");
                                ^
Src\main.cpp(113): error:  #322: object of abstract class type "GUIPagedView" is not allowed:
            pure virtual function "IEventHandler::onEventHandle" has no overrider
        GUIPagedView *pagedView = new GUIPagedView(GUI::screenRect, 2, secondView, superView);
                                      ^
Src\main.cpp: 5 warnings, 4 errors
compiling GUIButton.cpp...
compiling GUISelect.cpp...
Src\GUISelect.h(58): warning:  #997-D: function "IEventHandler::onEventHandle(IEventCaller *, GUIEvent::Event)" is hidden by "GUISelect::onEventHandle" -- virtual function override intended?
        virtual void onEventHandle(IEventCaller *_caller, GUIEvent::Event _e, int _payload);
Src\GUISelect.cpp: 1 warning, 0 errors
compiling GUIPagedView.cpp...
Src\GUIPagedView.h(54): warning:  #997-D: function "IEventHandler::onEventHandle(IEventCaller *, GUIEvent::Event)" is hidden by "GUIPagedView::onEventHandle" -- virtual function override intended?
        virtual void onEventHandle(IEventCaller *_caller, GUIEvent::Event _e, int _payload);
Src\GUIPagedView.cpp: 1 warning, 0 errors
compiling GUIMeasurement.cpp...
compiling GUIStepper.cpp...
Src\GUIStepper.h(51): warning:  #997-D: function "IEventHandler::onEventHandle(IEventCaller *, GUIEvent::Event)" is hidden by "GUIStepper::onEventHandle" -- virtual function override intended?
        virtual void onEventHandle(IEventCaller *_caller, GUIEvent::Event _e, int _payload);
Src\GUIStepper.cpp: 1 warning, 0 errors
".\Bin\LPC17xx\main.axf" - 4 Error(s), 8 Warning(s).
Target not created
ion override intended?
        virtual void onEventHandle(IEventCaller *_caller, GUIEvent::Event _e);
Src\GUIStepper.cpp: 1 warning, 1 error
".\Bin\LPC17xx\main.axf" - 10 Error(s), 6 Warning(s).
Target not created
rc\GUIMeasurement.cpp: 0 warnings, 1 error
compiling GUIStepper.cpp...
Src\IEventHandler.h(39): error:  #165: too few arguments in function call
                        customHandler->onEventHandle(this, _e);
Src\GUIStepper.h(51): warning:  #997-D: function "IEventHandler::onEventHandle(IEventCaller *, GUIEvent::Event, int)" is hidden by "GUIStepper::onEventHandle" -- virtual function override intended?
        virtual void onEventHandle(IEventCaller *_caller, GUIEvent::Event _e);
Src\GUIStepper.cpp: 1 warning, 1 error
".\Bin\LPC17xx\main.axf" - 10 Error(s), 8 Warning(s).
Target not created
              children.add(&_child);
Src\GUIButton.h(28): error:  #413: no suitable conversion function from "GUILabel" to "IDrawable *" exists
                addChild(*label);
Src\GUIPagedView.h(44): error:  #413: no suitable conversion function from "GUIButton" to "IDrawable *" exists
                addChild(*bLeft);
Src\GUIPagedView.h(48): error:  #413: no suitable conversion function from "GUIButton" to "IDrawable *" exists
                addChild(*bRight);
Src\GUIPagedView.cpp: 0 warnings, 6 errors
compiling GUIMeasurement.cpp...
Src\View.h(33): error:  #153: expression must have class type
                _child.parent = this;
Src\View.h(34): error:  #153: expression must have class type
                _child.onAddedToDrawable(this);
Src\View.h(35): error:  #167: argument of type "IDrawable **" is incompatible with parameter of type "cList::Item *"
                children.add(&_child);
Src\GUIMeasurement.cpp: 0 warnings, 3 errors
compiling GUIStepper.cpp...
Src\View.h(33): error:  #153: expression must have class type
                _child.parent = this;
Src\View.h(34): error:  #153: expression must have class type
                _child.onAddedToDrawable(this);
Src\View.h(35): error:  #167: argument of type "IDrawable **" is incompatible with parameter of type "cList::Item *"
                children.add(&_child);
Src\GUIButton.h(28): error:  #413: no suitable conversion function from "GUILabel" to "IDrawable *" exists
                addChild(*label);
Src\GUIStepper.h(39): error:  #413: no suitable conversion function from "GUIButton" to "IDrawable *" exists
                addChild(*btnUp);
Src\GUIStepper.h(43): error:  #413: no suitable conversion function from "GUIButton" to "IDrawable *" exists
                addChild(*btnDown);
Src\GUIStepper.h(47): error:  #413: no suitable conversion function from "GUIMeasurement" to "IDrawable *" exists
                addChild(*label);
Src\GUIStepper.cpp: 0 warnings, 7 errors
".\Bin\LPC17xx\main.axf" - 45 Error(s), 0 Warning(s).
Target not created
