<html>
<body>
<pre>
<h1>µVision Build Log</h1>
<h2>Project:</h2>
C:\Users\robert\Documents\fh\Project\GUI\main_LPC17xx.uvproj
Project File Date:  01/16/2018

<h2>Output:</h2>
Build target 'Target 1'
compiling main.cpp...
compiling View.cpp...
compiling GUIButton.cpp...
compiling GUIControls.cpp...
compiling GUILabel.cpp...
compiling GUISelect.cpp...
compiling GUIPagedView.cpp...
compiling GUIMeasurement.cpp...
compiling GUIStepper.cpp...
compiling GUI.cpp...
linking...
Program Size: Code=22814 RO-data=3438 RW-data=244 ZI-data=29140  
FromELF: creating hex file...
".\Bin\LPC17xx\main.axf" - 0 Error(s), 0 Warning(s).
Load "C:\\Users\\robert\\Documents\\fh\\Project\\GUI\\Bin\\LPC17xx\\main.axf" 
Erase Done.
Programming Done.
Verify OK.
Application running ...
</pre>
</body>
</html>
ntrols.cpp...
Src\GUI.h(66): error:  #245: a nonstatic member reference must be relative to a specific object
                charWidth = _charWidth;
Src\GUIControls.cpp: 0 warnings, 1 error
compiling GUILabel.cpp...
Src\GUI.h(66): error:  #245: a nonstatic member reference must be relative to a specific object
                charWidth = _charWidth;
Src\GUILabel.cpp: 0 warnings, 1 error
compiling GUISelect.cpp...
Src\GUI.h(66): error:  #245: a nonstatic member reference must be relative to a specific object
                charWidth = _charWidth;
Src\GUISelect.cpp: 0 warnings, 1 error
compiling GUIPagedView.cpp...
Src\GUI.h(66): error:  #245: a nonstatic member reference must be relative to a specific object
                charWidth = _charWidth;
Src\GUIPagedView.cpp: 0 warnings, 1 error
compiling GUIMeasurement.cpp...
Src\GUI.h(66): error:  #245: a nonstatic member reference must be relative to a specific object
                charWidth = _charWidth;
Src\GUIMeasurement.cpp: 0 warnings, 1 error
compiling GUIStepper.cpp...
Src\GUI.h(66): error:  #245: a nonstatic member reference must be relative to a specific object
                charWidth = _charWidth;
Src\GUIStepper.cpp: 0 warnings, 1 error
compiling GUI.cpp...
Src\GUI.h(66): error:  #245: a nonstatic member reference must be relative to a specific object
                charWidth = _charWidth;
Src\GUI.cpp: 0 warnings, 1 error
".\Bin\LPC17xx\main.axf" - 10 Error(s), 0 Warning(s).
Target not created
eference must be relative to a specific object
                        x = _r.x + _r.w / 2 - strlen(str) * charWidth / 2
Src\GUI.h(107): error:  #65: expected a ";"
                }
Src\GUI.h(110): error:  #245: a nonstatic member reference must be relative to a specific object
                        x = _r.x + _r.w - strlen(str) * charWidth;
Src\GUIButton.cpp: 0 warnings, 4 errors
compiling GUIControls.cpp...
Src\GUI.h(66): error:  #245: a nonstatic member reference must be relative to a specific object
                charWidth = _charWidth;
Src\GUI.h(106): error:  #245: a nonstatic member reference must be relative to a specific object
                        x = _r.x + _r.w / 2 - strlen(str) * charWidth / 2
Src\GUI.h(107): error:  #65: expected a ";"
                }
Src\GUI.h(110): error:  #245: a nonstatic member reference must be relative to a specific object
                        x = _r.x + _r.w - strlen(str) * charWidth;
Src\GUIControls.cpp: 0 warnings, 4 errors
compiling GUILabel.cpp...
Src\GUI.h(66): error:  #245: a nonstatic member reference must be relative to a specific object
                charWidth = _charWidth;
Src\GUI.h(106): error:  #245: a nonstatic member reference must be relative to a specific object
                        x = _r.x + _r.w / 2 - strlen(str) * charWidth / 2
Src\GUI.h(107): error:  #65: expected a ";"
                }
Src\GUI.h(110): error:  #245: a nonstatic member reference must be relative to a specific object
                        x = _r.x + _r.w - strlen(str) * charWidth;
Src\GUILabel.cpp: 0 warnings, 4 errors
compiling GUISelect.cpp...
Src\GUI.h(66): error:  #245: a nonstatic member reference must be relative to a specific object
                charWidth = _charWidth;
Src\GUI.h(106): error:  #245: a nonstatic member reference must be relative to a specific object
                        x = _r.x + _r.w / 2 - strlen(str) * charWidth / 2
Src\GUI.h(107): error:  #65: expected a ";"
                }
Src\GUI.h(110): error:  #245: a nonstatic member reference must be relative to a specific object
                        x = _r.x + _r.w - strlen(str) * charWidth;
Src\GUISelect.cpp: 0 warnings, 4 errors
compiling GUIPagedView.cpp...
Src\GUI.h(66): error:  #245: a nonstatic member reference must be relative to a specific object
                charWidth = _charWidth;
Src\GUI.h(106): error:  #245: a nonstatic member reference must be relative to a specific object
                        x = _r.x + _r.w / 2 - strlen(str) * charWidth / 2
Src\GUI.h(107): error:  #65: expected a ";"
                }
Src\GUI.h(110): error:  #245: a nonstatic member reference must be relative to a specific object
                        x = _r.x + _r.w - strlen(str) * charWidth;
Src\GUIPagedView.cpp: 0 warnings, 4 errors
compiling GUIMeasurement.cpp...
Src\GUI.h(66): error:  #245: a nonstatic member reference must be relative to a specific object
                charWidth = _charWidth;
Src\GUI.h(106): error:  #245: a nonstatic member reference must be relative to a specific object
                        x = _r.x + _r.w / 2 - strlen(str) * charWidth / 2
Src\GUI.h(107): error:  #65: expected a ";"
                }
Src\GUI.h(110): error:  #245: a nonstatic member reference must be relative to a specific object
                        x = _r.x + _r.w - strlen(str) * charWidth;
Src\GUIMeasurement.cpp: 0 warnings, 4 errors
compiling GUIStepper.cpp...
Src\GUI.h(66): error:  #245: a nonstatic member reference must be relative to a specific object
                charWidth = _charWidth;
Src\GUI.h(106): error:  #245: a nonstatic member reference must be relative to a specific object
                        x = _r.x + _r.w / 2 - strlen(str) * charWidth / 2
Src\GUI.h(107): error:  #65: expected a ";"
                }
Src\GUI.h(110): error:  #245: a nonstatic member reference must be relative to a specific object
                        x = _r.x + _r.w - strlen(str) * charWidth;
Src\GUIStepper.cpp: 0 warnings, 4 errors
".\Bin\LPC17xx\main.axf" - 41 Error(s), 0 Warning(s).
Target not created
