ARM Linker, 5.03 [Build 76] [MDK-ARM Lite]

==============================================================================

Section Cross References

    startup_lpc17xx.o(STACK) refers (Special) to heapauxi.o(.text) for __use_two_region_memory
    startup_lpc17xx.o(HEAP) refers (Special) to heapauxi.o(.text) for __use_two_region_memory
    startup_lpc17xx.o(RESET) refers (Special) to heapauxi.o(.text) for __use_two_region_memory
    startup_lpc17xx.o(RESET) refers to startup_lpc17xx.o(STACK) for __initial_sp
    startup_lpc17xx.o(RESET) refers to startup_lpc17xx.o(.text) for Reset_Handler
    startup_lpc17xx.o(RESET) refers to lib.o(i.PendSV_Handler) for PendSV_Handler
    startup_lpc17xx.o(RESET) refers to lib.o(i.SysTick_Handler) for SysTick_Handler
    startup_lpc17xx.o(RESET) refers to lib.o(i.TIMER0_IRQHandler) for TIMER0_IRQHandler
    startup_lpc17xx.o(RESET) refers to lib.o(i.TIMER1_IRQHandler) for TIMER1_IRQHandler
    startup_lpc17xx.o(RESET) refers to lib.o(i.TIMER2_IRQHandler) for TIMER2_IRQHandler
    startup_lpc17xx.o(RESET) refers to lib.o(i.TIMER3_IRQHandler) for TIMER3_IRQHandler
    startup_lpc17xx.o(RESET) refers to lib.o(i.UART0_IRQHandler) for UART0_IRQHandler
    startup_lpc17xx.o(RESET) refers to lib.o(i.UART1_IRQHandler) for UART1_IRQHandler
    startup_lpc17xx.o(RESET) refers to lib.o(i.UART3_IRQHandler) for UART3_IRQHandler
    startup_lpc17xx.o(RESET) refers to lib.o(i.PWM1_IRQHandler) for PWM1_IRQHandler
    startup_lpc17xx.o(RESET) refers to lib.o(i.ADC_IRQHandler) for ADC_IRQHandler
    startup_lpc17xx.o(RESET) refers to lib.o(i.USB_IRQHandler) for USB_IRQHandler
    startup_lpc17xx.o(.ARM.__at_0x02FC) refers (Special) to heapauxi.o(.text) for __use_two_region_memory
    startup_lpc17xx.o(.text) refers (Special) to heapauxi.o(.text) for __use_two_region_memory
    startup_lpc17xx.o(.text) refers to __main.o(!!!main) for __main
    startup_lpc17xx.o(.text) refers to startup_lpc17xx.o(HEAP) for Heap_Mem
    startup_lpc17xx.o(.text) refers to startup_lpc17xx.o(STACK) for Stack_Mem
    lib.o(i.ADC_IRQHandler) refers to lib.o(.data) for cHwADC_0::adcPtr
    lib.o(i.PWM1_IRQHandler) refers to lib.o(i._ZN10cHwTimer_N3isrEv) for cHwTimer_N::isr()
    lib.o(i.PWM1_IRQHandler) refers to lib.o(.data) for cHwTimer_N::timerPtr_PWM
    lib.o(i.PendSV_Handler) refers to rtos_asm.o(.text) for save_context
    lib.o(i.PendSV_Handler) refers to lib.o(.data) for stackPointer
    lib.o(i.SysTick_Handler) refers to rtos_asm.o(.text) for save_context
    lib.o(i.SysTick_Handler) refers to lib.o(.data) for stackPointer
    lib.o(i.SystemInit) refers to lib.o(.data) for SystemFrequency
    lib.o(i.TIMER0_IRQHandler) refers to lib.o(i._ZN10cHwTimer_N3isrEv) for cHwTimer_N::isr()
    lib.o(i.TIMER0_IRQHandler) refers to lib.o(.data) for cHwTimer_N::timerPtr_0
    lib.o(i.TIMER1_IRQHandler) refers to lib.o(i._ZN10cHwTimer_N3isrEv) for cHwTimer_N::isr()
    lib.o(i.TIMER1_IRQHandler) refers to lib.o(.data) for cHwTimer_N::timerPtr_1
    lib.o(i.TIMER2_IRQHandler) refers to lib.o(i._ZN10cHwTimer_N3isrEv) for cHwTimer_N::isr()
    lib.o(i.TIMER2_IRQHandler) refers to lib.o(.data) for cHwTimer_N::timerPtr_2
    lib.o(i.TIMER3_IRQHandler) refers to lib.o(i._ZN10cHwTimer_N3isrEv) for cHwTimer_N::isr()
    lib.o(i.TIMER3_IRQHandler) refers to lib.o(.data) for cHwTimer_N::timerPtr_3
    lib.o(i.UART0_IRQHandler) refers to lib.o(.data) for cHwUART_N::uartPtr_0
    lib.o(i.UART1_IRQHandler) refers to lib.o(.data) for cHwUART_N::uartPtr_1
    lib.o(i.UART3_IRQHandler) refers to lib.o(.data) for cHwUART_N::uartPtr_3
    lib.o(i.USB_IRQHandler) refers to lib.o(i._ZN8cHwUSB_03isrEv) for cHwUSB_0::isr()
    lib.o(i.USB_IRQHandler) refers to lib.o(.data) for cHwUSB_0::usbPtr
    lib.o(i._Z4ntohj) refers to lib.o(i._Z4htonj) for hton(unsigned)
    lib.o(i._Z4ntoht) refers to lib.o(i._Z4htont) for hton(unsigned short)
    lib.o(i._ZN10cDevTextIO6printfEPKcz) refers to c89vsnprintf.o(.text) for __c89vsnprintf
    lib.o(i._ZN10cDevTextIO6printfEPKcz) refers to strlen.o(.text) for strlen
    lib.o(i._ZN10cDevTextIO9getStringEv) refers to strchr.o(.text) for strchr
    lib.o(i._ZN10cDevTextIOC2EhhPKcS1_) refers to lib.o(i._Znaj) for operator new[] (unsigned)
    lib.o(i._ZN10cDevTextIOC2EhhPKcS1_) refers to lib.o(.constdata__ZTV10cDevTextIO) for vtable for cDevTextIO
    lib.o(i._ZN10cHwDisplayC2Ehh) refers to lib.o(.constdata__ZTV10cHwDisplay) for vtable for cHwDisplay
    lib.o(i._ZN10cHwTimer_N9enablePWMEhN8cHwTimer4ModeE) refers to lib.o(i._ZN12cHwPinConfig3setENS_8FunctionEj) for cHwPinConfig::set(cHwPinConfig::Function, unsigned)
    lib.o(i._ZN10cHwTimer_NC1ENS_7TimerIdEj) refers to lib.o(i._ZN5cListC1Ev) for cList::cList()
    lib.o(i._ZN10cHwTimer_NC1ENS_7TimerIdEj) refers to lib.o(i._Z14NVIC_EnableIRQ4IRQn) for NVIC_EnableIRQ(IRQn)
    lib.o(i._ZN10cHwTimer_NC1ENS_7TimerIdEj) refers to fflt_clz.o(x$fpl$ffltu) for __aeabi_ui2f
[...]
    i.UART3_IRQHandler                       0x0000085c   Section        0  lib.o(i.UART3_IRQHandler)
    i.USB_IRQHandler                         0x00000874   Section        0  lib.o(i.USB_IRQHandler)
    i._Z14NVIC_EnableIRQ4IRQn                0x00000884   Section        0  lib.o(i._Z14NVIC_EnableIRQ4IRQn)
    NVIC_EnableIRQ(IRQn)                     0x00000885   Thumb Code    24  lib.o(i._Z14NVIC_EnableIRQ4IRQn)
    i._ZN10cHwDisplayC2Ehh                   0x0000089c   Section        0  lib.o(i._ZN10cHwDisplayC2Ehh)
    i._ZN10cHwTimer_N3isrEv                  0x000008ac   Section        0  lib.o(i._ZN10cHwTimer_N3isrEv)
    i._ZN10cHwTimer_NC1ENS_7TimerIdEj        0x000008d4   Section        0  lib.o(i._ZN10cHwTimer_NC1ENS_7TimerIdEj)
    i._ZN11cDevDigital10isReleasedEv         0x00000a50   Section        0  lib.o(i._ZN11cDevDigital10isReleasedEv)
    i._ZN11cDevDigital11isActivatedEv        0x00000a62   Section        0  lib.o(i._ZN11cDevDigital11isActivatedEv)
    i._ZN11cDevDigital3getEv                 0x00000a74   Section        0  lib.o(i._ZN11cDevDigital3getEv)
    i._ZN11cDevDigital5isSetEv               0x00000a8e   Section        0  lib.o(i._ZN11cDevDigital5isSetEv)
    i._ZN11cDevDigital6updateEv              0x00000a94   Section        0  lib.o(i._ZN11cDevDigital6updateEv)
    i._ZN11cDevDigitalC1ER7cHwPorthNS_4ModeEb 0x00000aa8   Section        0  lib.o(i._ZN11cDevDigitalC1ER7cHwPorthNS_4ModeEb)
    i._ZN11cDevDisplayC2Ev                   0x00000af4   Section        0  lib.o(i._ZN11cDevDisplayC2Ev)
    i._ZN12cHwPinConfig3setENS_8FunctionEj   0x00000b00   Section        0  lib.o(i._ZN12cHwPinConfig3setENS_8FunctionEj)
    i._ZN12cHwSPImaster6Device4stopEv        0x00000c04   Section        0  lib.o(i._ZN12cHwSPImaster6Device4stopEv)
    i._ZN12cHwSPImaster6Device5startEv       0x00000c12   Section        0  lib.o(i._ZN12cHwSPImaster6Device5startEv)
    i._ZN12cHwSPImaster6Device5writeEPht     0x00000c20   Section        0  lib.o(i._ZN12cHwSPImaster6Device5writeEPht)
    i._ZN12cHwSPImaster6DeviceC1ERKS0_       0x00000c58   Section        0  lib.o(i._ZN12cHwSPImaster6DeviceC1ERKS0_)
    i._ZN12cHwSPImaster6DeviceC1ERS_R7cHwPorth 0x00000c80   Section        0  main.o(i._ZN12cHwSPImaster6DeviceC1ERS_R7cHwPorth)
    i._ZN12cHwSPImasterC2Ev                  0x00000ccc   Section        0  lib.o(i._ZN12cHwSPImasterC2Ev)
    i._ZN14cHwDisplayFont7setCharEh          0x00000cd8   Section        0  lib.o(i._ZN14cHwDisplayFont7setCharEh)
    i._ZN14cHwDisplayFont8getPixelEhh        0x00000d02   Section        0  lib.o(i._ZN14cHwDisplayFont8getPixelEhh)
    i._ZN14cHwDisplayFontC1EPK24cHwDisplayFontPropertiesPKh 0x00000d32   Section        0  lib.o(i._ZN14cHwDisplayFontC1EPK24cHwDisplayFontPropertiesPKh)
    i._ZN14cHwSPImaster_114transceiveByteEh  0x00000d3c   Section        0  lib.o(i._ZN14cHwSPImaster_114transceiveByteEh)
    i._ZN14cHwSPImaster_1C1EN12cHwSPImaster4MODEENS0_11ClockPolPhaE 0x00000d74   Section        0  lib.o(i._ZN14cHwSPImaster_1C1EN12cHwSPImaster4MODEENS0_11ClockPolPhaE)
    i._ZN15cDevDisplayCharC1ER10cHwDisplay   0x00000e10   Section        0  lib.o(i._ZN15cDevDisplayCharC1ER10cHwDisplay)
    i._ZN17cHwDisplayGraphic12gotoPixelPosEtt 0x00000e34   Section        0  lib.o(i._ZN17cHwDisplayGraphic12gotoPixelPosEtt)
    i._ZN17cHwDisplayGraphic12putRectangleEtttt 0x00000e3a   Section        0  lib.o(i._ZN17cHwDisplayGraphic12putRectangleEtttt)
    i._ZN17cHwDisplayGraphic12setBackColorEt 0x00000e84   Section        0  lib.o(i._ZN17cHwDisplayGraphic12setBackColorEt)
    i._ZN17cHwDisplayGraphic12setTextColorEt 0x00000e88   Section        0  lib.o(i._ZN17cHwDisplayGraphic12setTextColorEt)
    i._ZN17cHwDisplayGraphic13setPaintColorEt 0x00000e8c   Section        0  lib.o(i._ZN17cHwDisplayGraphic13setPaintColorEt)
    i._ZN17cHwDisplayGraphic7putCharEc       0x00000e90   Section        0  lib.o(i._ZN17cHwDisplayGraphic7putCharEc)
    i._ZN17cHwDisplayGraphicC2E14cHwDisplayFonth 0x00000f54   Section        0  lib.o(i._ZN17cHwDisplayGraphicC2E14cHwDisplayFonth)
    i._ZN18cDevControlEncoder6updateEv       0x00000f98   Section        0  lib.o(i._ZN18cDevControlEncoder6updateEv)
    i._ZN18cDevControlEncoder7getCtrlEv      0x0000101e   Section        0  lib.o(i._ZN18cDevControlEncoder7getCtrlEv)
    i._ZN18cDevControlEncoderC2EP11cDevDigitalP8cHwTimer 0x00001050   Section        0  lib.o(i._ZN18cDevControlEncoderC2EP11cDevDigitalP8cHwTimer)
    i._ZN18cDevDisplayGraphic12setBackColorEt 0x000010a8   Section        0  lib.o(i._ZN18cDevDisplayGraphic12setBackColorEt)
    i._ZN18cDevDisplayGraphic12setTextColorEt 0x000010ba   Section        0  lib.o(i._ZN18cDevDisplayGraphic12setTextColorEt)
    i._ZN18cDevDisplayGraphic13drawRectangleEttttt 0x000010cc   Section        0  lib.o(i._ZN18cDevDisplayGraphic13drawRectangleEttttt)
    i._ZN18cDevDisplayGraphic5clearEv        0x000010fe   Section        0  lib.o(i._ZN18cDevDisplayGraphic5clearEv)
    i._ZN18cDevDisplayGraphic8drawTextEttPKc 0x0000110c   Section        0  lib.o(i._ZN18cDevDisplayGraphic8drawTextEttPKc)
    i._ZN18cDevDisplayGraphicC1ER17cHwDisplayGraphic 0x00001140   Section        0  lib.o(i._ZN18cDevDisplayGraphicC1ER17cHwDisplayGraphic)
    i._ZN20cHwDisp_SPFD5408Bspi4initEv       0x00001164   Section        0  lib.o(i._ZN20cHwDisp_SPFD5408Bspi4initEv)
    i._ZN20cHwDisp_SPFD5408Bspi5clearEv      0x0000131a   Section        0  lib.o(i._ZN20cHwDisp_SPFD5408Bspi5clearEv)
    i._ZN20cHwDisp_SPFD5408Bspi7setAreaEtttt 0x00001358   Section        0  lib.o(i._ZN20cHwDisp_SPFD5408Bspi7setAreaEtttt)
    i._ZN20cHwDisp_SPFD5408Bspi8setPixelEt   0x000013c0   Section        0  lib.o(i._ZN20cHwDisp_SPFD5408Bspi8setPixelEt)
    i._ZN20cHwDisp_SPFD5408Bspi8writeCmdEt   0x000013d0   Section        0  lib.o(i._ZN20cHwDisp_SPFD5408Bspi8writeCmdEt)
    i._ZN20cHwDisp_SPFD5408Bspi8writeDatEt   0x000013fc   Section        0  lib.o(i._ZN20cHwDisp_SPFD5408Bspi8writeDatEt)
    i._ZN20cHwDisp_SPFD5408Bspi8writeRegEht  0x00001428   Section        0  lib.o(i._ZN20cHwDisp_SPFD5408Bspi8writeRegEht)
    i._ZN20cHwDisp_SPFD5408Bspi9maxWindowEv  0x00001442   Section        0  lib.o(i._ZN20cHwDisp_SPFD5408Bspi9maxWindowEv)
    i._ZN20cHwDisp_SPFD5408BspiC1ERN12cHwSPImaster6DeviceERN7cHwPort3PinE14cHwDisplayFonth 0x00001480   Section        0  lib.o(i._ZN20cHwDisp_SPFD5408BspiC1ERN12cHwSPImaster6DeviceERN7cHwPort3PinE14cHwDisplayFonth)
    i._ZN26cDevControlEncoderJoystick12getIncrementEv 0x000014d8   Section        0  lib.o(i._ZN26cDevControlEncoderJoystick12getIncrementEv)
    i._ZN26cDevControlEncoderJoystickC1EP11cDevDigitalS1_S1_P8cHwTimert 0x0000154c   Section        0  lib.o(i._ZN26cDevControlEncoderJoystickC1EP11cDevDigitalS1_S1_P8cHwTimert)
    i._ZN3GUI10drawStringE4RectttPc          0x000015a8   Section        0  guibutton.o(i._ZN3GUI10drawStringE4RectttPc)
    i._ZN4RectC1Eiiii                        0x00001604   Section        0  main.o(i._ZN4RectC1Eiiii)
    i._ZN4View10shouldDrawE4Rect             0x00001612   Section        0  view.o(i._ZN4View10shouldDrawE4Rect)
    i._ZN4View4drawE4Rect                    0x00001656   Section        0  view.o(i._ZN4View4drawE4Rect)
    i._ZN4View6onDrawE4Rect                  0x000016c4   Section        0  view.o(i._ZN4View6onDrawE4Rect)
    i._ZN4View8addChildER9IDrawable          0x00001748   Section        0  main.o(i._ZN4View8addChildER9IDrawable)
    i._ZN4ViewC1E4Rectt                      0x0000175c   Section        0  main.o(i._ZN4ViewC1E4Rectt)
    i._ZN5cList3addEPNS_4ItemE               0x000017a0   Section        0  lib.o(i._ZN5cList3addEPNS_4ItemE)
    i._ZN5cList4Item6updateEv                0x000017cc   Section        0  lib.o(i._ZN5cList4Item6updateEv)
    i._ZN5cList4Item7getNextEv               0x000017ce   Section        0  lib.o(i._ZN5cList4Item7getNextEv)
    i._ZN5cList4ItemC1EPS_                   0x000017d4   Section        0  lib.o(i._ZN5cList4ItemC1EPS_)
    i._ZN5cList8getFirstEv                   0x000017f4   Section        0  lib.o(i._ZN5cList8getFirstEv)
    i._ZN5cList9updateAllEv                  0x000017fa   Section        0  lib.o(i._ZN5cList9updateAllEv)
    i._ZN5cListC1Ev                          0x00001812   Section        0  lib.o(i._ZN5cListC1Ev)
    i._ZN6cHwADC3isrEv                       0x00001818   Section        0  lib.o(i._ZN6cHwADC3isrEv)
    i._ZN6cHwADC6updateEv                    0x00001870   Section        0  lib.o(i._ZN6cHwADC6updateEv)
    i._ZN6cHwADCC2EhP8cHwTimer               0x000018a4   Section        0  lib.o(i._ZN6cHwADCC2EhP8cHwTimer)
    i._ZN6cHwDACC2Eh                         0x000018f8   Section        0  lib.o(i._ZN6cHwDACC2Eh)
    i._ZN7cHwPort3Pin3clrEv                  0x00001904   Section        0  lib.o(i._ZN7cHwPort3Pin3clrEv)
    i._ZN7cHwPort3Pin3getEv                  0x00001914   Section        0  lib.o(i._ZN7cHwPort3Pin3getEv)
    i._ZN7cHwPort3Pin3setEb                  0x0000192e   Section        0  lib.o(i._ZN7cHwPort3Pin3setEb)
    i._ZN7cHwPort3Pin3setEv                  0x0000194e   Section        0  lib.o(i._ZN7cHwPort3Pin3setEv)
    i._ZN7cHwPort3Pin7setModeENS_4ModeE      0x0000195e   Section        0  lib.o(i._ZN7cHwPort3Pin7setModeENS_4ModeE)
    i._ZN7cHwPort3PinC1ERS_h                 0x00001974   Section        0  lib.o(i._ZN7cHwPort3PinC1ERS_h)
    i._ZN7cHwPortC2Ev                        0x0000198c   Section        0  lib.o(i._ZN7cHwPortC2Ev)
    i._ZN7cSystem13delayMicroSecEt           0x00001998   Section        0  lib.o(i._ZN7cSystem13delayMicroSecEt)
    i._ZN7cSystem13delayMilliSecEt           0x000019c8   Section        0  lib.o(i._ZN7cSystem13delayMilliSecEt)
    i._ZN7cSystem15disableWatchdogEv         0x000019e0   Section        0  lib.o(i._ZN7cSystem15disableWatchdogEv)
    i._ZN7cSystem15enableInterruptEv         0x000019e4   Section        0  lib.o(i._ZN7cSystem15enableInterruptEv)
    i._ZN7cSystem16disableInterruptEv        0x00001a04   Section        0  lib.o(i._ZN7cSystem16disableInterruptEv)
    i._ZN7cSystemC1Eh                        0x00001a18   Section        0  lib.o(i._ZN7cSystemC1Eh)
    i._ZN8cHwADC_07startChEh                 0x00001a30   Section        0  lib.o(i._ZN8cHwADC_07startChEh)
    i._ZN8cHwADC_09getResultEv               0x00001a48   Section        0  lib.o(i._ZN8cHwADC_09getResultEv)
    i._ZN8cHwADC_0C1EP8cHwTimer              0x00001a58   Section        0  lib.o(i._ZN8cHwADC_0C1EP8cHwTimer)
    i._ZN8cHwDAC_0C1Ev                       0x00001ac0   Section        0  lib.o(i._ZN8cHwDAC_0C1Ev)
    i._ZN8cHwTimer10isrHandlerEv             0x00001b14   Section        0  lib.o(i._ZN8cHwTimer10isrHandlerEv)
    i._ZN8cHwTimer12getCycleTimeEv           0x00001b22   Section        0  lib.o(i._ZN8cHwTimer12getCycleTimeEv)
    i._ZN8cHwTimer3addEPN5cList4ItemE        0x00001b28   Section        0  lib.o(i._ZN8cHwTimer3addEPN5cList4ItemE)
    i._ZN8cHwUSB_03isrEv                     0x00001b3c   Section        0  lib.o(i._ZN8cHwUSB_03isrEv)
    i._ZN8cHwUSB_05WrCmdEj                   0x00001c24   Section        0  lib.o(i._ZN8cHwUSB_05WrCmdEj)
    i._ZN8cHwUSB_08RdCmdDatEj                0x00001c4c   Section        0  lib.o(i._ZN8cHwUSB_08RdCmdDatEj)
    i._ZN9GUIButton6onDrawE4Rect             0x00001c7c   Section        0  guibutton.o(i._ZN9GUIButton6onDrawE4Rect)
    i._ZN9IDrawable6updateEv                 0x00001cac   Section        0  main.o(i._ZN9IDrawable6updateEv)
    i._ZN9cHwPort_N10setPinModeEhN7cHwPort4ModeE 0x00001cae   Section        0  lib.o(i._ZN9cHwPort_N10setPinModeEhN7cHwPort4ModeE)
    i._ZN9cHwPort_N3clrEj                    0x00001cd6   Section        0  lib.o(i._ZN9cHwPort_N3clrEj)
    i._ZN9cHwPort_N3getEv                    0x00001cdc   Section        0  lib.o(i._ZN9cHwPort_N3getEv)
    i._ZN9cHwPort_N3setEj                    0x00001ce4   Section        0  lib.o(i._ZN9cHwPort_N3setEj)
    i._ZN9cHwPort_NC1ENS_6PortIdE            0x00001cec   Section        0  lib.o(i._ZN9cHwPort_NC1ENS_6PortIdE)
    i._ZNK14cHwDisplayFont12getCharWidthEv   0x00001d44   Section        0  lib.o(i._ZNK14cHwDisplayFont12getCharWidthEv)
    i._ZNK14cHwDisplayFont13getCharHeightEv  0x00001d4c   Section        0  lib.o(i._ZNK14cHwDisplayFont13getCharHeightEv)
    i._Znaj                                  0x00001d54   Section        0  lib.o(i._Znaj)
    i.__cxa_guard_acquire                    0x00001d60   Section        0  cxa_guard_acquire.o(i.__cxa_guard_acquire)
    i.__cxa_pure_virtual                     0x00001d70   Section        0  lib.o(i.__cxa_pure_virtual)
    i.__sti___7_GUI_cpp                      0x00001d74   Section        0  gui.o(i.__sti___7_GUI_cpp)
    __sti___7_GUI_cpp                        0x00001d75   Thumb Code     6  gui.o(i.__sti___7_GUI_cpp)
    i.__sti___8_main_cpp                     0x00001d80   Section        0  main.o(i.__sti___8_main_cpp)
    __sti___8_main_cpp                       0x00001d81   Thumb Code   240  main.o(i.__sti___8_main_cpp)
    i.main                                   0x00001ebc   Section        0  main.o(i.main)
    t._ZN5cFifoIN18cDevControlEncoder6tEventEE6isFullEv 0x00001fcc   Section        0  lib.o(t._ZN5cFifoIN18cDevControlEncoder6tEventEE6isFullEv)
    t._ZN5cFifoIN18cDevControlEncoder6tEventEElsERKS1_ 0x00001fec   Section        0  lib.o(t._ZN5cFifoIN18cDevControlEncoder6tEventEElsERKS1_)
    x$fpl$ddiv                               0x0000202c   Section      688  ddiv.o(x$fpl$ddiv)
    ddiv_entry                               0x00002033   Thumb Code     0  ddiv.o(x$fpl$ddiv)
    x$fpl$dfixu                              0x000022dc   Section       90  dfixu.o(x$fpl$dfixu)
    x$fpl$dfltu                              0x00002336   Section       38  dflt_clz.o(x$fpl$dfltu)
    x$fpl$dmul                               0x0000235c   Section      340  dmul.o(x$fpl$dmul)
    x$fpl$dnaninf                            0x000024b0   Section      156  dnaninf.o(x$fpl$dnaninf)
    x$fpl$dretinf                            0x0000254c   Section       12  dretinf.o(x$fpl$dretinf)
    x$fpl$fcmpinf                            0x00002558   Section       24  fcmpi.o(x$fpl$fcmpinf)
    x$fpl$fdiv                               0x00002570   Section      388  fdiv.o(x$fpl$fdiv)
    _fdiv1                                   0x00002571   Thumb Code     0  fdiv.o(x$fpl$fdiv)
    x$fpl$ffixu                              0x000026f4   Section       62  ffixu.o(x$fpl$ffixu)
    x$fpl$ffltu                              0x00002734   Section       38  fflt_clz.o(x$fpl$ffltu)
    x$fpl$fleqf                              0x0000275c   Section      104  fleqf.o(x$fpl$fleqf)
    x$fpl$fmul                               0x000027c4   Section      258  fmul.o(x$fpl$fmul)
    x$fpl$fnaninf                            0x000028c6   Section      140  fnaninf.o(x$fpl$fnaninf)
    x$fpl$fretinf                            0x00002952   Section       10  fretinf.o(x$fpl$fretinf)
    x$fpl$frleqf                             0x0000295c   Section       98  frleqf.o(x$fpl$frleqf)
    .constdata                               0x000029be   Section     1157  main.o(.constdata)
    x$fpl$usenofp                            0x000029be   Section        0  usenofp.o(x$fpl$usenofp)
    fontFont_8x12                            0x000029be   Data        1157  main.o(.constdata)
    .constdata__ZTV10cHwDisplay              0x00002e44   Section       28  lib.o(.constdata__ZTV10cHwDisplay)
    .constdata__ZTV10cHwTimer_N              0x00002e60   Section       28  lib.o(.constdata__ZTV10cHwTimer_N)
    .constdata__ZTV11cDevDigital             0x00002e7c   Section       68  lib.o(.constdata__ZTV11cDevDigital)
    .constdata__ZTV11cDevDisplay             0x00002ec0   Section       16  lib.o(.constdata__ZTV11cDevDisplay)
    .constdata__ZTV12cHwSPImaster            0x00002ed0   Section       16  lib.o(.constdata__ZTV12cHwSPImaster)
    .constdata__ZTV14cHwSPImaster_1          0x00002ee0   Section       16  lib.o(.constdata__ZTV14cHwSPImaster_1)
    .constdata__ZTV15cDevDisplayChar         0x00002ef0   Section       20  lib.o(.constdata__ZTV15cDevDisplayChar)
    .constdata__ZTV17cHwDisplayGraphic       0x00002f04   Section       80  lib.o(.constdata__ZTV17cHwDisplayGraphic)
    .constdata__ZTV18cDevControlEncoder      0x00002f54   Section       20  lib.o(.constdata__ZTV18cDevControlEncoder)
    .constdata__ZTV18cDevDisplayGraphic      0x00002f68   Section       68  lib.o(.constdata__ZTV18cDevDisplayGraphic)
    .constdata__ZTV20cHwDisp_SPFD5408Bspi    0x00002fac   Section       80  lib.o(.constdata__ZTV20cHwDisp_SPFD5408Bspi)
    .constdata__ZTV26cDevControlEncoderJoystick 0x00002ffc   Section       20  lib.o(.constdata__ZTV26cDevControlEncoderJoystick)
    .constdata__ZTV4View                     0x00003010   Section       24  view.o(.constdata__ZTV4View)
    .constdata__ZTV6cHwADC                   0x00003028   Section       40  lib.o(.constdata__ZTV6cHwADC)
    .constdata__ZTV6cHwDAC                   0x00003050   Section       20  lib.o(.constdata__ZTV6cHwDAC)
    .constdata__ZTV7cHwPort                  0x00003064   Section       32  lib.o(.constdata__ZTV7cHwPort)
    .constdata__ZTV8cHwADC_0                 0x00003084   Section       40  lib.o(.constdata__ZTV8cHwADC_0)
    .constdata__ZTV8cHwDAC_0                 0x000030ac   Section       20  lib.o(.constdata__ZTV8cHwDAC_0)
    .constdata__ZTV8cHwTimer                 0x000030c0   Section       28  lib.o(.constdata__ZTV8cHwTimer)
    .constdata__ZTV9GUIButton                0x000030dc   Section       24  guibutton.o(.constdata__ZTV9GUIButton)
    .constdata__ZTV9IDrawable                0x000030f4   Section       24  main.o(.constdata__ZTV9IDrawable)
    .constdata__ZTV9cHwPort_N                0x0000310c   Section       32  lib.o(.constdata__ZTV9cHwPort_N)
    .constdata__ZTVN12cHwSPImaster6DeviceE   0x0000312c   Section       44  lib.o(.constdata__ZTVN12cHwSPImaster6DeviceE)
    .constdata__ZTVN5cList4ItemE             0x00003158   Section       12  lib.o(.constdata__ZTVN5cList4ItemE)
    .constdata__ZTVN7cHwPort3PinE            0x00003164   Section       28  lib.o(.constdata__ZTVN7cHwPort3PinE)
    .init_array                              0x000031a0   Section        4  main.o(.init_array)
    .init_array                              0x000031a4   Section        4  gui.o(.init_array)
    .data                                    0x10000000   Section       84  lib.o(.data)
    stackPointer                             0x10000044   Data           4  lib.o(.data)
    stackPointer                             0x10000048   Data           4  lib.o(.data)
    .data                                    0x10000054   Section      140  main.o(.data)
    .data__ZZN3GUI11getInstanceEvE8instance  0x100000e0   Section        8  main.o(.data__ZZN3GUI11getInstanceEvE8instance)
    GUI::getInstance()::instance             0x100000e0   Number         0  main.o(.data__ZZN3GUI11getInstanceEvE8instance)
    .bss                                     0x100000e8   Section      312  main.o(.bss)
    .bss                                     0x10000220   Section       16  gui.o(.bss)
    .bss                                     0x10000230   Section       96  libspace.o(.bss)
    HEAP                                     0x10000290   Section    24576  startup_lpc17xx.o(HEAP)
    Heap_Mem                                 0x10000290   Data       24576  startup_lpc17xx.o(HEAP)
    STACK                                    0x10006290   Section     4096  startup_lpc17xx.o(STACK)
    Stack_Mem                                0x10006290   Data        4096  startup_lpc17xx.o(STACK)
    __initial_sp                             0x10007290   Data           0  startup_lpc17xx.o(STACK)

    Global Symbols

    Symbol Name                              Value     Ov Type        Size  Object(Section)

    BuildAttributes$$THM_ISAv4$P$D$K$B$S$PE$A:L22UL41UL21$X:L11$S22US41US21$IEEE1$IW$USESV6$~STKCKD$USESV7$~SHL$OTIME$ROPI$IEEEJ$EBA8$UX$STANDARDLIB$REQ8$PRES8$EABIv2 0x00000000   Number         0  anon$$obj.o ABSOLUTE
    __ARM_use_no_argv                        0x00000000   Number         0  main.o ABSOLUTE
    __Vectors                                0x00000000   Data           4  startup_lpc17xx.o(RESET)
    _printf_flags                            0x00000000   Number         0  printf_stubs.o ABSOLUTE
    _printf_return_value                     0x00000000   Number         0  printf_stubs.o ABSOLUTE
    _printf_sizespec                         0x00000000   Number         0  printf_stubs.o ABSOLUTE
    _printf_widthprec                        0x00000000   Number         0  printf_stubs.o ABSOLUTE
    __ARM_exceptions_init                     - Undefined Weak Reference
    __alloca_initialize                       - Undefined Weak Reference
    __cxa_finalize                            - Undefined Weak Reference
    __sigvec_lookup                           - Undefined Weak Reference
    __user_heap_extent                        - Undefined Weak Reference
    _atexit_init                              - Undefined Weak Reference
    _call_atexit_fns                          - Undefined Weak Reference
    _clock_init                               - Undefined Weak Reference
    _fp_trap_init                             - Undefined Weak Reference
    _fp_trap_shutdown                         - Undefined Weak Reference
    _get_lc_collate                           - Undefined Weak Reference
    _get_lc_monetary                          - Undefined Weak Reference
    _get_lc_time                              - Undefined Weak Reference
    _getenv_init                              - Undefined Weak Reference
    _handle_redirection                       - Undefined Weak Reference
    _initio                                   - Undefined Weak Reference
    _mutex_acquire                            - Undefined Weak Reference
    _mutex_free                               - Undefined Weak Reference
    _mutex_release                            - Undefined Weak Reference
    _printf_fp_hex                            - Undefined Weak Reference
    _printf_mbtowc                            - Undefined Weak Reference
    _printf_wc                                - Undefined Weak Reference
    _rand_init                                - Undefined Weak Reference
    _signal_finish                            - Undefined Weak Reference
    _signal_init                              - Undefined Weak Reference
    _terminateio                              - Undefined Weak Reference
    __main                                   0x000000cd   Thumb Code     8  __main.o(!!!main)
    __scatterload                            0x000000d5   Thumb Code     0  __scatter.o(!!!scatter)
    __scatterload_rt2                        0x000000d5   Thumb Code    44  __scatter.o(!!!scatter)
    __scatterload_rt2_thumb_only             0x000000d5   Thumb Code     0  __scatter.o(!!!scatter)
    __scatterload_null                       0x000000e3   Thumb Code     0  __scatter.o(!!!scatter)
    __scatterload_copy                       0x00000109   Thumb Code    26  __scatter_copy.o(!!handler_copy)
    __scatterload_zeroinit                   0x00000125   Thumb Code    28  __scatter_zi.o(!!handler_zi)
    __rt_lib_init                            0x00000141   Thumb Code     0  libinit.o(.ARM.Collect$$libinit$$00000000)
    __rt_lib_init_fp_1                       0x00000143   Thumb Code     0  libinit2.o(.ARM.Collect$$libinit$$00000002)
    __rt_lib_init_heap_2                     0x00000143   Thumb Code     0  libinit2.o(.ARM.Collect$$libinit$$00000003)
    __rt_lib_init_alloca_1                   0x0000014b   Thumb Code     0  libinit2.o(.ARM.Collect$$libinit$$0000002C)
    __rt_lib_init_argv_1                     0x0000014b   Thumb Code     0  libinit2.o(.ARM.Collect$$libinit$$0000002A)
    __rt_lib_init_atexit_1                   0x0000014b   Thumb Code     0  libinit2.o(.ARM.Collect$$libinit$$00000019)
    __rt_lib_init_clock_1                    0x0000014b   Thumb Code     0  libinit2.o(.ARM.Collect$$libinit$$0000001F)
    __rt_lib_init_cpp_2                      0x0000014b   Thumb Code     0  libinit2.o(.ARM.Collect$$libinit$$0000002F)
    __rt_lib_init_exceptions_1               0x0000014b   Thumb Code     0  libinit2.o(.ARM.Collect$$libinit$$0000002E)
    __rt_lib_init_fp_trap_1                  0x0000014b   Thumb Code     0  libinit2.o(.ARM.Collect$$libinit$$0000001D)
    __rt_lib_init_getenv_1                   0x0000014b   Thumb Code     0  libinit2.o(.ARM.Collect$$libinit$$00000021)
    __rt_lib_init_heap_1                     0x0000014b   Thumb Code     0  libinit2.o(.ARM.Collect$$libinit$$00000008)
    __rt_lib_init_lc_collate_1               0x0000014b   Thumb Code     0  libinit2.o(.ARM.Collect$$libinit$$0000000F)
    __rt_lib_init_lc_ctype_1                 0x0000014b   Thumb Code     0  libinit2.o(.ARM.Collect$$libinit$$00000011)
    __rt_lib_init_lc_monetary_1              0x0000014b   Thumb Code     0  libinit2.o(.ARM.Collect$$libinit$$00000013)
    __rt_lib_init_lc_numeric_1               0x0000014b   Thumb Code     0  libinit2.o(.ARM.Collect$$libinit$$00000015)
    __rt_lib_init_lc_time_1                  0x0000014b   Thumb Code     0  libinit2.o(.ARM.Collect$$libinit$$00000017)
    __rt_lib_init_rand_1                     0x0000014b   Thumb Code     0  libinit2.o(.ARM.Collect$$libinit$$0000000C)
    __rt_lib_init_signal_1                   0x0000014b   Thumb Code     0  libinit2.o(.ARM.Collect$$libinit$$0000001B)
    __rt_lib_init_stdio_1                    0x0000014b   Thumb Code     0  libinit2.o(.ARM.Collect$$libinit$$00000023)
    __rt_lib_init_user_alloc_1               0x0000014b   Thumb Code     0  libinit2.o(.ARM.Collect$$libinit$$0000000A)
    __rt_lib_init_cpp_1                      0x0000014f   Thumb Code     0  libinit2.o(.ARM.Collect$$libinit$$00000030)
    __rt_lib_init_return                     0x0000014f   Thumb Code     0  libinit2.o(.ARM.Collect$$libinit$$00000031)
    __rt_lib_shutdown                        0x00000151   Thumb Code     0  libshutdown.o(.ARM.Collect$$libshutdown$$00000000)
    __rt_lib_shutdown_fp_trap_1              0x00000153   Thumb Code     0  libshutdown2.o(.ARM.Collect$$libshutdown$$00000006)
    __rt_lib_shutdown_heap_1                 0x00000153   Thumb Code     0  libshutdown2.o(.ARM.Collect$$libshutdown$$0000000E)
    __rt_lib_shutdown_return                 0x00000153   Thumb Code     0  libshutdown2.o(.ARM.Collect$$libshutdown$$0000000F)
    __rt_lib_shutdown_signal_1               0x00000153   Thumb Code     0  libshutdown2.o(.ARM.Collect$$libshutdown$$00000009)
    __rt_lib_shutdown_stdio_1                0x00000153   Thumb Code     0  libshutdown2.o(.ARM.Collect$$libshutdown$$00000003)
    __rt_lib_shutdown_user_alloc_1           0x00000153   Thumb Code     0  libshutdown2.o(.ARM.Collect$$libshutdown$$0000000B)
    __rt_entry                               0x00000155   Thumb Code     0  rtentry.o(.ARM.Collect$$rtentry$$00000000)
    __rt_entry_presh_1                       0x00000155   Thumb Code     0  rtentry2.o(.ARM.Collect$$rtentry$$00000002)
    __rt_entry_sh                            0x00000155   Thumb Code     0  rtentry4.o(.ARM.Collect$$rtentry$$00000004)
    __rt_entry_li                            0x0000015b   Thumb Code     0  rtentry2.o(.ARM.Collect$$rtentry$$0000000A)
    __rt_entry_postsh_1                      0x0000015b   Thumb Code     0  rtentry2.o(.ARM.Collect$$rtentry$$00000009)
    __rt_entry_main                          0x0000015f   Thumb Code     0  rtentry2.o(.ARM.Collect$$rtentry$$0000000D)
    __rt_entry_postli_1                      0x0000015f   Thumb Code     0  rtentry2.o(.ARM.Collect$$rtentry$$0000000C)
    __rt_exit                                0x00000167   Thumb Code     0  rtexit.o(.ARM.Collect$$rtexit$$00000000)
    __rt_exit_ls                             0x00000169   Thumb Code     0  rtexit2.o(.ARM.Collect$$rtexit$$00000003)
    __rt_exit_prels_1                        0x00000169   Thumb Code     0  rtexit2.o(.ARM.Collect$$rtexit$$00000002)
    __rt_exit_exit                           0x0000016d   Thumb Code     0  rtexit2.o(.ARM.Collect$$rtexit$$00000004)
    Reset_Handler                            0x00000175   Thumb Code     4  startup_lpc17xx.o(.text)
    _maybe_terminate_alloc                   0x00000175   Thumb Code     0  maybetermalloc1.o(.emb_text)
    NMI_Handler                              0x00000179   Thumb Code     2  startup_lpc17xx.o(.text)
    HardFault_Handler                        0x0000017b   Thumb Code     2  startup_lpc17xx.o(.text)
    MemManage_Handler                        0x0000017d   Thumb Code     2  startup_lpc17xx.o(.text)
    BusFault_Handler                         0x0000017f   Thumb Code     2  startup_lpc17xx.o(.text)
    UsageFault_Handler                       0x00000181   Thumb Code     2  startup_lpc17xx.o(.text)
    SVC_Handler                              0x00000183   Thumb Code     2  startup_lpc17xx.o(.text)
    DebugMon_Handler                         0x00000185   Thumb Code     2  startup_lpc17xx.o(.text)
    BOD_IRQHandler                           0x0000018b   Thumb Code     0  startup_lpc17xx.o(.text)
    CANActivity_IRQHandler                   0x0000018b   Thumb Code     0  startup_lpc17xx.o(.text)
    CAN_IRQHandler                           0x0000018b   Thumb Code     0  startup_lpc17xx.o(.text)
    DMA_IRQHandler                           0x0000018b   Thumb Code     0  startup_lpc17xx.o(.text)
    EINT0_IRQHandler                         0x0000018b   Thumb Code     0  startup_lpc17xx.o(.text)
    EINT1_IRQHandler                         0x0000018b   Thumb Code     0  startup_lpc17xx.o(.text)
    EINT2_IRQHandler                         0x0000018b   Thumb Code     0  startup_lpc17xx.o(.text)
    EINT3_IRQHandler                         0x0000018b   Thumb Code     0  startup_lpc17xx.o(.text)
    ENET_IRQHandler                          0x0000018b   Thumb Code     0  startup_lpc17xx.o(.text)
    I2C0_IRQHandler                          0x0000018b   Thumb Code     0  startup_lpc17xx.o(.text)
    I2C1_IRQHandler                          0x0000018b   Thumb Code     0  startup_lpc17xx.o(.text)
    I2C2_IRQHandler                          0x0000018b   Thumb Code     0  startup_lpc17xx.o(.text)
    I2S_IRQHandler                           0x0000018b   Thumb Code     0  startup_lpc17xx.o(.text)
    MCPWM_IRQHandler                         0x0000018b   Thumb Code     0  startup_lpc17xx.o(.text)
    PLL0_IRQHandler                          0x0000018b   Thumb Code     0  startup_lpc17xx.o(.text)
    PLL1_IRQHandler                          0x0000018b   Thumb Code     0  startup_lpc17xx.o(.text)
    QEI_IRQHandler                           0x0000018b   Thumb Code     0  startup_lpc17xx.o(.text)
    RIT_IRQHandler                           0x0000018b   Thumb Code     0  startup_lpc17xx.o(.text)
    RTC_IRQHandler                           0x0000018b   Thumb Code     0  startup_lpc17xx.o(.text)
    SPI_IRQHandler                           0x0000018b   Thumb Code     0  startup_lpc17xx.o(.text)
    SSP0_IRQHandler                          0x0000018b   Thumb Code     0  startup_lpc17xx.o(.text)
    SSP1_IRQHandler                          0x0000018b   Thumb Code     0  startup_lpc17xx.o(.text)
    UART2_IRQHandler                         0x0000018b   Thumb Code     0  startup_lpc17xx.o(.text)
    USBActivity_IRQHandler                   0x0000018b   Thumb Code     0  startup_lpc17xx.o(.text)
    WDT_IRQHandler                           0x0000018b   Thumb Code     0  startup_lpc17xx.o(.text)
    __user_initial_stackheap                 0x0000018d   Thumb Code     0  startup_lpc17xx.o(.text)
    load_context                             0x000001ad   Thumb Code    18  rtos_asm.o(.text)
    save_context                             0x000001bf   Thumb Code    14  rtos_asm.o(.text)
    malloc                                   0x000001cd   Thumb Code    94  h1_alloc.o(.text)
    free                                     0x0000022b   Thumb Code    78  h1_free.o(.text)
    abort                                    0x00000279   Thumb Code    16  abort.o(.text)
    __use_two_region_memory                  0x00000289   Thumb Code     2  heapauxi.o(.text)
    __rt_heap_escrow                         0x0000028b   Thumb Code     2  heapauxi.o(.text)
    __rt_heap_expand                         0x0000028d   Thumb Code     2  heapauxi.o(.text)
    __cpp_initialize__aeabi_                 0x00000291   Thumb Code    26  init_aeabi.o(.text)
    _sys_exit                                0x000002b5   Thumb Code     8  sys_exit.o(.text)
    __rt_heap_descriptor                     0x000002c1   Thumb Code     8  rt_heap_descriptor_intlibspace.o(.text)
    __use_no_heap                            0x000002c9   Thumb Code     2  hguard.o(.text)
    __heap$guard                             0x000002cb   Thumb Code     2  hguard.o(.text)
    __Heap_Initialize                        0x000002cd   Thumb Code    10  h1_init.o(.text)
    __Heap_DescSize                          0x000002d7   Thumb Code     4  h1_init.o(.text)
    __rt_SIGABRT                             0x000002db   Thumb Code    14  defsig_abrt_outer.o(.text)
    __user_libspace                          0x000002e9   Thumb Code     8  libspace.o(.text)
    __user_perproc_libspace                  0x000002e9   Thumb Code     0  libspace.o(.text)
    __user_perthread_libspace                0x000002e9   Thumb Code     0  libspace.o(.text)
    __I$use$semihosting                      0x000002f1   Thumb Code     0  use_no_semi.o(.text)
    __use_no_semihosting_swi                 0x000002f1   Thumb Code     2  use_no_semi.o(.text)
    __semihosting_library_function           0x000002f3   Thumb Code     0  indicate_semi.o(.text)
    __sig_exit                               0x000002f3   Thumb Code    10  defsig_exit.o(.text)
    _terminate_user_alloc                    0x00000301   Thumb Code     2  init_alloc.o(.text)
    _init_user_alloc                         0x00000303   Thumb Code     2  init_alloc.o(.text)
    __Heap_Full                              0x00000305   Thumb Code    34  init_alloc.o(.text)
    __Heap_Broken                            0x00000327   Thumb Code     6  init_alloc.o(.text)
    _init_alloc                              0x0000032d   Thumb Code    94  init_alloc.o(.text)
    __Heap_ProvideMemory                     0x0000038b   Thumb Code    52  h1_extend.o(.text)
    __rt_SIGABRT_inner                       0x000003c1   Thumb Code    14  defsig_abrt_inner.o(.text)
    __rt_SIGRTMEM                            0x000003f1   Thumb Code    14  defsig_rtmem_outer.o(.text)
    __user_setup_stackheap                   0x000003ff   Thumb Code    74  sys_stackheap_outer.o(.text)
    exit                                     0x00000449   Thumb Code    12  exit.o(.text)
    __default_signal_display                 0x00000455   Thumb Code    50  defsig_general.o(.text)
    __rt_SIGRTMEM_inner                      0x00000489   Thumb Code    22  defsig_rtmem_inner.o(.text)
    _ttywrch                                 0x000004d9   Thumb Code    14  sys_wrch.o(.text)
    ADC_IRQHandler                           0x000004e9   Thumb Code    26  lib.o(i.ADC_IRQHandler)
    PWM1_IRQHandler                          0x0000050d   Thumb Code    12  lib.o(i.PWM1_IRQHandler)
    PendSV_Handler                           0x0000051d   Thumb Code    36  lib.o(i.PendSV_Handler)
    SysTick_Handler                          0x00000549   Thumb Code    46  lib.o(i.SysTick_Handler)
    SystemInit                               0x00000585   Thumb Code   538  lib.o(i.SystemInit)
    TIMER0_IRQHandler                        0x000007ed   Thumb Code    12  lib.o(i.TIMER0_IRQHandler)
    TIMER1_IRQHandler                        0x000007fd   Thumb Code    12  lib.o(i.TIMER1_IRQHandler)
    TIMER2_IRQHandler                        0x0000080d   Thumb Code    12  lib.o(i.TIMER2_IRQHandler)
    TIMER3_IRQHandler                        0x0000081d   Thumb Code    12  lib.o(i.TIMER3_IRQHandler)
    UART0_IRQHandler                         0x0000082d   Thumb Code    18  lib.o(i.UART0_IRQHandler)
    UART1_IRQHandler                         0x00000845   Thumb Code    18  lib.o(i.UART1_IRQHandler)
    UART3_IRQHandler                         0x0000085d   Thumb Code    18  lib.o(i.UART3_IRQHandler)
    USB_IRQHandler                           0x00000875   Thumb Code    12  lib.o(i.USB_IRQHandler)
    cHwDisplay::cHwDisplay__sub_object(unsigned char, unsigned char) 0x0000089d   Thumb Code    10  lib.o(i._ZN10cHwDisplayC2Ehh)
    cHwTimer_N::isr()                        0x000008ad   Thumb Code    40  lib.o(i._ZN10cHwTimer_N3isrEv)
    cHwTimer_N::cHwTimer_N(cHwTimer_N::TimerId, unsigned) 0x000008d5   Thumb Code   312  lib.o(i._ZN10cHwTimer_NC1ENS_7TimerIdEj)
    cHwTimer_N::cHwTimer_N__sub_object(cHwTimer_N::TimerId, unsigned) 0x000008d5   Thumb Code     0  lib.o(i._ZN10cHwTimer_NC1ENS_7TimerIdEj)
    cDevDigital::isReleased()                0x00000a51   Thumb Code    18  lib.o(i._ZN11cDevDigital10isReleasedEv)
    cDevDigital::isActivated()               0x00000a63   Thumb Code    18  lib.o(i._ZN11cDevDigital11isActivatedEv)
    cDevDigital::get()                       0x00000a75   Thumb Code    26  lib.o(i._ZN11cDevDigital3getEv)
    cDevDigital::isSet()                     0x00000a8f   Thumb Code     6  lib.o(i._ZN11cDevDigital5isSetEv)
    cDevDigital::update()                    0x00000a95   Thumb Code    20  lib.o(i._ZN11cDevDigital6updateEv)
    cDevDigital::cDevDigital(cHwPort&, unsigned char, cDevDigital::Mode, bool) 0x00000aa9   Thumb Code    70  lib.o(i._ZN11cDevDigitalC1ER7cHwPorthNS_4ModeEb)
    cDevDigital::cDevDigital__sub_object(cHwPort&, unsigned char, cDevDigital::Mode, bool) 0x00000aa9   Thumb Code     0  lib.o(i._ZN11cDevDigitalC1ER7cHwPorthNS_4ModeEb)
    cDevDisplay::cDevDisplay__sub_object()   0x00000af5   Thumb Code     6  lib.o(i._ZN11cDevDisplayC2Ev)
    cHwPinConfig::set(cHwPinConfig::Function, unsigned) 0x00000b01   Thumb Code   250  lib.o(i._ZN12cHwPinConfig3setENS_8FunctionEj)
    cHwSPImaster::Device::stop()             0x00000c05   Thumb Code    14  lib.o(i._ZN12cHwSPImaster6Device4stopEv)
    cHwSPImaster::Device::start()            0x00000c13   Thumb Code    14  lib.o(i._ZN12cHwSPImaster6Device5startEv)
    cHwSPImaster::Device::write(unsigned char*, unsigned short) 0x00000c21   Thumb Code    56  lib.o(i._ZN12cHwSPImaster6Device5writeEPht)
    cHwSPImaster::Device::Device(const cHwSPImaster::Device&) 0x00000c59   Thumb Code    30  lib.o(i._ZN12cHwSPImaster6DeviceC1ERKS0_)
    cHwSPImaster::Device::Device__sub_object(const cHwSPImaster::Device&) 0x00000c59   Thumb Code     0  lib.o(i._ZN12cHwSPImaster6DeviceC1ERKS0_)
    cHwSPImaster::Device::Device(cHwSPImaster&, cHwPort&, unsigned char) 0x00000c81   Thumb Code    72  main.o(i._ZN12cHwSPImaster6DeviceC1ERS_R7cHwPorth)
    cHwSPImaster::Device::Device__sub_object(cHwSPImaster&, cHwPort&, unsigned char) 0x00000c81   Thumb Code     0  main.o(i._ZN12cHwSPImaster6DeviceC1ERS_R7cHwPorth)
    cHwSPImaster::cHwSPImaster__sub_object() 0x00000ccd   Thumb Code     6  lib.o(i._ZN12cHwSPImasterC2Ev)
    cHwDisplayFont::setChar(unsigned char)   0x00000cd9   Thumb Code    42  lib.o(i._ZN14cHwDisplayFont7setCharEh)
    cHwDisplayFont::getPixel(unsigned char, unsigned char) 0x00000d03   Thumb Code    48  lib.o(i._ZN14cHwDisplayFont8getPixelEhh)
    cHwDisplayFont::cHwDisplayFont(const cHwDisplayFontProperties*, const unsigned char*) 0x00000d33   Thumb Code    10  lib.o(i._ZN14cHwDisplayFontC1EPK24cHwDisplayFontPropertiesPKh)
    cHwDisplayFont::cHwDisplayFont__sub_object(const cHwDisplayFontProperties*, const unsigned char*) 0x00000d33   Thumb Code     0  lib.o(i._ZN14cHwDisplayFontC1EPK24cHwDisplayFontPropertiesPKh)
    cHwSPImaster_1::transceiveByte(unsigned char) 0x00000d3d   Thumb Code    52  lib.o(i._ZN14cHwSPImaster_114transceiveByteEh)
    cHwSPImaster_1::cHwSPImaster_1(cHwSPImaster::MODE, cHwSPImaster::ClockPolPha) 0x00000d75   Thumb Code   138  lib.o(i._ZN14cHwSPImaster_1C1EN12cHwSPImaster4MODEENS0_11ClockPolPhaE)
    cHwSPImaster_1::cHwSPImaster_1__sub_object(cHwSPImaster::MODE, cHwSPImaster::ClockPolPha) 0x00000d75   Thumb Code     0  lib.o(i._ZN14cHwSPImaster_1C1EN12cHwSPImaster4MODEENS0_11ClockPolPhaE)
    cDevDisplayChar::cDevDisplayChar(cHwDisplay&) 0x00000e11   Thumb Code    32  lib.o(i._ZN15cDevDisplayCharC1ER10cHwDisplay)
    cDevDisplayChar::cDevDisplayChar__sub_object(cHwDisplay&) 0x00000e11   Thumb Code     0  lib.o(i._ZN15cDevDisplayCharC1ER10cHwDisplay)
    cHwDisplayGraphic::gotoPixelPos(unsigned short, unsigned short) 0x00000e35   Thumb Code     6  lib.o(i._ZN17cHwDisplayGraphic12gotoPixelPosEtt)
    cHwDisplayGraphic::putRectangle(unsigned short, unsigned short, unsigned short, unsigned short) 0x00000e3b   Thumb Code    74  lib.o(i._ZN17cHwDisplayGraphic12putRectangleEtttt)
    cHwDisplayGraphic::setBackColor(unsigned short) 0x00000e85   Thumb Code     4  lib.o(i._ZN17cHwDisplayGraphic12setBackColorEt)
    cHwDisplayGraphic::setTextColor(unsigned short) 0x00000e89   Thumb Code     4  lib.o(i._ZN17cHwDisplayGraphic12setTextColorEt)
    cHwDisplayGraphic::setPaintColor(unsigned short) 0x00000e8d   Thumb Code     4  lib.o(i._ZN17cHwDisplayGraphic13setPaintColorEt)
    cHwDisplayGraphic::putChar(char)         0x00000e91   Thumb Code   196  lib.o(i._ZN17cHwDisplayGraphic7putCharEc)
    cHwDisplayGraphic::cHwDisplayGraphic__sub_object(cHwDisplayFont, unsigned char) 0x00000f55   Thumb Code    62  lib.o(i._ZN17cHwDisplayGraphicC2E14cHwDisplayFonth)
    cDevControlEncoder::update()             0x00000f99   Thumb Code   134  lib.o(i._ZN18cDevControlEncoder6updateEv)
    cDevControlEncoder::getCtrl()            0x0000101f   Thumb Code    48  lib.o(i._ZN18cDevControlEncoder7getCtrlEv)
    cDevControlEncoder::cDevControlEncoder__sub_object(cDevDigital*, cHwTimer*) 0x00001051   Thumb Code    84  lib.o(i._ZN18cDevControlEncoderC2EP11cDevDigitalP8cHwTimer)
    cDevDisplayGraphic::setBackColor(unsigned short) 0x000010a9   Thumb Code    18  lib.o(i._ZN18cDevDisplayGraphic12setBackColorEt)
    cDevDisplayGraphic::setTextColor(unsigned short) 0x000010bb   Thumb Code    18  lib.o(i._ZN18cDevDisplayGraphic12setTextColorEt)
    cDevDisplayGraphic::drawRectangle(unsigned short, unsigned short, unsigned short, unsigned short, unsigned short) 0x000010cd   Thumb Code    50  lib.o(i._ZN18cDevDisplayGraphic13drawRectangleEttttt)
    cDevDisplayGraphic::clear()              0x000010ff   Thumb Code    14  lib.o(i._ZN18cDevDisplayGraphic5clearEv)
    cDevDisplayGraphic::drawText(unsigned short, unsigned short, const char*) 0x0000110d   Thumb Code    52  lib.o(i._ZN18cDevDisplayGraphic8drawTextEttPKc)
    cDevDisplayGraphic::cDevDisplayGraphic(cHwDisplayGraphic&) 0x00001141   Thumb Code    30  lib.o(i._ZN18cDevDisplayGraphicC1ER17cHwDisplayGraphic)
    cDevDisplayGraphic::cDevDisplayGraphic__sub_object(cHwDisplayGraphic&) 0x00001141   Thumb Code     0  lib.o(i._ZN18cDevDisplayGraphicC1ER17cHwDisplayGraphic)
    cHwDisp_SPFD5408Bspi::init()             0x00001165   Thumb Code   438  lib.o(i._ZN20cHwDisp_SPFD5408Bspi4initEv)
    cHwDisp_SPFD5408Bspi::clear()            0x0000131b   Thumb Code    62  lib.o(i._ZN20cHwDisp_SPFD5408Bspi5clearEv)
    cHwDisp_SPFD5408Bspi::setArea(unsigned short, unsigned short, unsigned short, unsigned short) 0x00001359   Thumb Code   104  lib.o(i._ZN20cHwDisp_SPFD5408Bspi7setAreaEtttt)
    cHwDisp_SPFD5408Bspi::setPixel(unsigned short) 0x000013c1   Thumb Code    16  lib.o(i._ZN20cHwDisp_SPFD5408Bspi8setPixelEt)
    cHwDisp_SPFD5408Bspi::writeCmd(unsigned short) 0x000013d1   Thumb Code    38  lib.o(i._ZN20cHwDisp_SPFD5408Bspi8writeCmdEt)
    cHwDisp_SPFD5408Bspi::writeDat(unsigned short) 0x000013fd   Thumb Code    38  lib.o(i._ZN20cHwDisp_SPFD5408Bspi8writeDatEt)
    cHwDisp_SPFD5408Bspi::writeReg(unsigned char, unsigned short) 0x00001429   Thumb Code    26  lib.o(i._ZN20cHwDisp_SPFD5408Bspi8writeRegEht)
    cHwDisp_SPFD5408Bspi::maxWindow()        0x00001443   Thumb Code    60  lib.o(i._ZN20cHwDisp_SPFD5408Bspi9maxWindowEv)
    cHwDisp_SPFD5408Bspi::cHwDisp_SPFD5408Bspi(cHwSPImaster::Device&, cHwPort::Pin&, cHwDisplayFont, unsigned char) 0x00001481   Thumb Code    84  lib.o(i._ZN20cHwDisp_SPFD5408BspiC1ERN12cHwSPImaster6DeviceERN7cHwPort3PinE14cHwDisplayFonth)
    cHwDisp_SPFD5408Bspi::cHwDisp_SPFD5408Bspi__sub_object(cHwSPImaster::Device&, cHwPort::Pin&, cHwDisplayFont, unsigned char) 0x00001481   Thumb Code     0  lib.o(i._ZN20cHwDisp_SPFD5408BspiC1ERN12cHwSPImaster6DeviceERN7cHwPort3PinE14cHwDisplayFonth)
    cDevControlEncoderJoystick::getIncrement() 0x000014d9   Thumb Code   114  lib.o(i._ZN26cDevControlEncoderJoystick12getIncrementEv)
    cDevControlEncoderJoystick::cDevControlEncoderJoystick(cDevDigital*, cDevDigital*, cDevDigital*, cHwTimer*, unsigned short) 0x0000154d   Thumb Code    86  lib.o(i._ZN26cDevControlEncoderJoystickC1EP11cDevDigitalS1_S1_P8cHwTimert)
    cDevControlEncoderJoystick::cDevControlEncoderJoystick__sub_object(cDevDigital*, cDevDigital*, cDevDigital*, cHwTimer*, unsigned short) 0x0000154d   Thumb Code     0  lib.o(i._ZN26cDevControlEncoderJoystickC1EP11cDevDigitalS1_S1_P8cHwTimert)
    GUI::drawString(Rect, unsigned short, unsigned short, char*) 0x000015a9   Thumb Code    84  guibutton.o(i._ZN3GUI10drawStringE4RectttPc)
    Rect::Rect(int, int, int, int)           0x00001605   Thumb Code    14  main.o(i._ZN4RectC1Eiiii)
    Rect::Rect__sub_object(int, int, int, int) 0x00001605   Thumb Code     0  main.o(i._ZN4RectC1Eiiii)
    View::shouldDraw(Rect)                   0x00001613   Thumb Code    68  view.o(i._ZN4View10shouldDrawE4Rect)
    View::draw(Rect)                         0x00001657   Thumb Code   110  view.o(i._ZN4View4drawE4Rect)
    View::onDraw(Rect)                       0x000016c5   Thumb Code   124  view.o(i._ZN4View6onDrawE4Rect)
    View::addChild(IDrawable&)               0x00001749   Thumb Code    20  main.o(i._ZN4View8addChildER9IDrawable)
    View::View(Rect, unsigned short)         0x0000175d   Thumb Code    60  main.o(i._ZN4ViewC1E4Rectt)
    View::View__sub_object(Rect, unsigned short) 0x0000175d   Thumb Code     0  main.o(i._ZN4ViewC1E4Rectt)
    cList::add(cList::Item*)                 0x000017a1   Thumb Code    44  lib.o(i._ZN5cList3addEPNS_4ItemE)
    cList::Item::update()                    0x000017cd   Thumb Code     2  lib.o(i._ZN5cList4Item6updateEv)
    cList::Item::getNext()                   0x000017cf   Thumb Code     6  lib.o(i._ZN5cList4Item7getNextEv)
    cList::Item::Item(cList*)                0x000017d5   Thumb Code    28  lib.o(i._ZN5cList4ItemC1EPS_)
    cList::Item::Item__sub_object(cList*)    0x000017d5   Thumb Code     0  lib.o(i._ZN5cList4ItemC1EPS_)
    cList::getFirst()                        0x000017f5   Thumb Code     6  lib.o(i._ZN5cList8getFirstEv)
    cList::updateAll()                       0x000017fb   Thumb Code    24  lib.o(i._ZN5cList9updateAllEv)
    cList::cList()                           0x00001813   Thumb Code     6  lib.o(i._ZN5cListC1Ev)
    cList::cList__sub_object()               0x00001813   Thumb Code     0  lib.o(i._ZN5cListC1Ev)
    cHwADC::isr()                            0x00001819   Thumb Code    88  lib.o(i._ZN6cHwADC3isrEv)
    cHwADC::update()                         0x00001871   Thumb Code    52  lib.o(i._ZN6cHwADC6updateEv)
    cHwADC::cHwADC__sub_object(unsigned char, cHwTimer*) 0x000018a5   Thumb Code    78  lib.o(i._ZN6cHwADCC2EhP8cHwTimer)
    cHwDAC::cHwDAC__sub_object(unsigned char) 0x000018f9   Thumb Code     8  lib.o(i._ZN6cHwDACC2Eh)
    cHwPort::Pin::clr()                      0x00001905   Thumb Code    16  lib.o(i._ZN7cHwPort3Pin3clrEv)
    cHwPort::Pin::get()                      0x00001915   Thumb Code    26  lib.o(i._ZN7cHwPort3Pin3getEv)
    cHwPort::Pin::set(bool)                  0x0000192f   Thumb Code    32  lib.o(i._ZN7cHwPort3Pin3setEb)
    cHwPort::Pin::set()                      0x0000194f   Thumb Code    16  lib.o(i._ZN7cHwPort3Pin3setEv)
    cHwPort::Pin::setMode(cHwPort::Mode)     0x0000195f   Thumb Code    20  lib.o(i._ZN7cHwPort3Pin7setModeENS_4ModeE)
    cHwPort::Pin::Pin(cHwPort&, unsigned char) 0x00001975   Thumb Code    20  lib.o(i._ZN7cHwPort3PinC1ERS_h)
    cHwPort::Pin::Pin__sub_object(cHwPort&, unsigned char) 0x00001975   Thumb Code     0  lib.o(i._ZN7cHwPort3PinC1ERS_h)
    cHwPort::cHwPort__sub_object()           0x0000198d   Thumb Code     6  lib.o(i._ZN7cHwPortC2Ev)
    cSystem::delayMicroSec(unsigned short)   0x00001999   Thumb Code    44  lib.o(i._ZN7cSystem13delayMicroSecEt)
    cSystem::delayMilliSec(unsigned short)   0x000019c9   Thumb Code    24  lib.o(i._ZN7cSystem13delayMilliSecEt)
    cSystem::disableWatchdog()               0x000019e1   Thumb Code     2  lib.o(i._ZN7cSystem15disableWatchdogEv)
    cSystem::enableInterrupt()               0x000019e5   Thumb Code    28  lib.o(i._ZN7cSystem15enableInterruptEv)
    cSystem::disableInterrupt()              0x00001a05   Thumb Code    14  lib.o(i._ZN7cSystem16disableInterruptEv)
    cSystem::cSystem(unsigned char)          0x00001a19   Thumb Code    24  lib.o(i._ZN7cSystemC1Eh)
    cSystem::cSystem__sub_object(unsigned char) 0x00001a19   Thumb Code     0  lib.o(i._ZN7cSystemC1Eh)
    cHwADC_0::startCh(unsigned char)         0x00001a31   Thumb Code    18  lib.o(i._ZN8cHwADC_07startChEh)
    cHwADC_0::getResult()                    0x00001a49   Thumb Code    10  lib.o(i._ZN8cHwADC_09getResultEv)
    cHwADC_0::cHwADC_0(cHwTimer*)            0x00001a59   Thumb Code    78  lib.o(i._ZN8cHwADC_0C1EP8cHwTimer)
    cHwADC_0::cHwADC_0__sub_object(cHwTimer*) 0x00001a59   Thumb Code     0  lib.o(i._ZN8cHwADC_0C1EP8cHwTimer)
    cHwDAC_0::cHwDAC_0()                     0x00001ac1   Thumb Code    66  lib.o(i._ZN8cHwDAC_0C1Ev)
    cHwDAC_0::cHwDAC_0__sub_object()         0x00001ac1   Thumb Code     0  lib.o(i._ZN8cHwDAC_0C1Ev)
    cHwTimer::isrHandler()                   0x00001b15   Thumb Code    14  lib.o(i._ZN8cHwTimer10isrHandlerEv)
    cHwTimer::getCycleTime()                 0x00001b23   Thumb Code     6  lib.o(i._ZN8cHwTimer12getCycleTimeEv)
    cHwTimer::add(cList::Item*)              0x00001b29   Thumb Code    18  lib.o(i._ZN8cHwTimer3addEPN5cList4ItemE)
    cHwUSB_0::isr()                          0x00001b3d   Thumb Code   196  lib.o(i._ZN8cHwUSB_03isrEv)
    cHwUSB_0::WrCmd(unsigned)                0x00001c25   Thumb Code    26  lib.o(i._ZN8cHwUSB_05WrCmdEj)
    cHwUSB_0::RdCmdDat(unsigned)             0x00001c4d   Thumb Code    32  lib.o(i._ZN8cHwUSB_08RdCmdDatEj)
    GUIButton::onDraw(Rect)                  0x00001c7d   Thumb Code    48  guibutton.o(i._ZN9GUIButton6onDrawE4Rect)
    IDrawable::update()                      0x00001cad   Thumb Code     2  main.o(i._ZN9IDrawable6updateEv)
    cHwPort_N::setPinMode(unsigned char, cHwPort::Mode) 0x00001caf   Thumb Code    40  lib.o(i._ZN9cHwPort_N10setPinModeEhN7cHwPort4ModeE)
    cHwPort_N::clr(unsigned)                 0x00001cd7   Thumb Code     6  lib.o(i._ZN9cHwPort_N3clrEj)
    cHwPort_N::get()                         0x00001cdd   Thumb Code     8  lib.o(i._ZN9cHwPort_N3getEv)
    cHwPort_N::set(unsigned)                 0x00001ce5   Thumb Code     6  lib.o(i._ZN9cHwPort_N3setEj)
    cHwPort_N::cHwPort_N(cHwPort_N::PortId)  0x00001ced   Thumb Code    78  lib.o(i._ZN9cHwPort_NC1ENS_6PortIdE)
    cHwPort_N::cHwPort_N__sub_object(cHwPort_N::PortId) 0x00001ced   Thumb Code     0  lib.o(i._ZN9cHwPort_NC1ENS_6PortIdE)
    cHwDisplayFont::getCharWidth() const     0x00001d45   Thumb Code     8  lib.o(i._ZNK14cHwDisplayFont12getCharWidthEv)
    cHwDisplayFont::getCharHeight() const    0x00001d4d   Thumb Code     8  lib.o(i._ZNK14cHwDisplayFont13getCharHeightEv)
    operator new[] (unsigned)                0x00001d55   Thumb Code    12  lib.o(i._Znaj)
    __cxa_guard_acquire                      0x00001d61   Thumb Code    16  cxa_guard_acquire.o(i.__cxa_guard_acquire)
    __cxa_pure_virtual                       0x00001d71   Thumb Code     4  lib.o(i.__cxa_pure_virtual)
    main                                     0x00001ebd   Thumb Code   244  main.o(i.main)
    cFifo<cDevControlEncoder::tEvent>::isFull() 0x00001fcd   Thumb Code    32  lib.o(t._ZN5cFifoIN18cDevControlEncoder6tEventEE6isFullEv)
    cFifo<cDevControlEncoder::tEvent>::operator <<(const cDevControlEncoder::tEvent&) 0x00001fed   Thumb Code    64  lib.o(t._ZN5cFifoIN18cDevControlEncoder6tEventEElsERKS1_)
    __aeabi_ddiv                             0x0000202d   Thumb Code     0  ddiv.o(x$fpl$ddiv)
    _ddiv                                    0x0000202d   Thumb Code   552  ddiv.o(x$fpl$ddiv)
    __aeabi_d2uiz                            0x000022dd   Thumb Code     0  dfixu.o(x$fpl$dfixu)
    _dfixu                                   0x000022dd   Thumb Code    90  dfixu.o(x$fpl$dfixu)
    __aeabi_ui2d                             0x00002337   Thumb Code     0  dflt_clz.o(x$fpl$dfltu)
    _dfltu                                   0x00002337   Thumb Code    38  dflt_clz.o(x$fpl$dfltu)
    __aeabi_dmul                             0x0000235d   Thumb Code     0  dmul.o(x$fpl$dmul)
    _dmul                                    0x0000235d   Thumb Code   332  dmul.o(x$fpl$dmul)
    __fpl_dnaninf                            0x000024b1   Thumb Code   156  dnaninf.o(x$fpl$dnaninf)
    __fpl_dretinf                            0x0000254d   Thumb Code    12  dretinf.o(x$fpl$dretinf)
    __fpl_fcmp_Inf                           0x00002559   Thumb Code    24  fcmpi.o(x$fpl$fcmpinf)
    __aeabi_fdiv                             0x00002571   Thumb Code     0  fdiv.o(x$fpl$fdiv)
    _fdiv                                    0x00002571   Thumb Code   384  fdiv.o(x$fpl$fdiv)
    __aeabi_f2uiz                            0x000026f5   Thumb Code     0  ffixu.o(x$fpl$ffixu)
    _ffixu                                   0x000026f5   Thumb Code    62  ffixu.o(x$fpl$ffixu)
    __aeabi_ui2f                             0x00002735   Thumb Code     0  fflt_clz.o(x$fpl$ffltu)
    _ffltu                                   0x00002735   Thumb Code    38  fflt_clz.o(x$fpl$ffltu)
    __aeabi_cfcmple                          0x0000275d   Thumb Code     0  fleqf.o(x$fpl$fleqf)
    _fcmple                                  0x0000275d   Thumb Code   104  fleqf.o(x$fpl$fleqf)
    __fpl_fcmple_InfNaN                      0x000027af   Thumb Code     0  fleqf.o(x$fpl$fleqf)
    __aeabi_fmul                             0x000027c5   Thumb Code     0  fmul.o(x$fpl$fmul)
    _fmul                                    0x000027c5   Thumb Code   258  fmul.o(x$fpl$fmul)
    __fpl_fnaninf                            0x000028c7   Thumb Code   140  fnaninf.o(x$fpl$fnaninf)
    __fpl_fretinf                            0x00002953   Thumb Code    10  fretinf.o(x$fpl$fretinf)
    __aeabi_cfrcmple                         0x0000295d   Thumb Code     0  frleqf.o(x$fpl$frleqf)
    _frcmple                                 0x0000295d   Thumb Code    98  frleqf.o(x$fpl$frleqf)
    __I$use$fp                               0x000029be   Number         0  usenofp.o(x$fpl$usenofp)
    vtable for cHwDisplay                    0x00002e44   Data          28  lib.o(.constdata__ZTV10cHwDisplay)
    vtable for cHwTimer_N                    0x00002e60   Data          28  lib.o(.constdata__ZTV10cHwTimer_N)
    vtable for cDevDigital                   0x00002e7c   Data          68  lib.o(.constdata__ZTV11cDevDigital)
    vtable for cDevDisplay                   0x00002ec0   Data          16  lib.o(.constdata__ZTV11cDevDisplay)
    vtable for cHwSPImaster                  0x00002ed0   Data          16  lib.o(.constdata__ZTV12cHwSPImaster)
    vtable for cHwSPImaster_1                0x00002ee0   Data          16  lib.o(.constdata__ZTV14cHwSPImaster_1)
    vtable for cDevDisplayChar               0x00002ef0   Data          20  lib.o(.constdata__ZTV15cDevDisplayChar)
    vtable for cHwDisplayGraphic             0x00002f04   Data          80  lib.o(.constdata__ZTV17cHwDisplayGraphic)
    vtable for cDevControlEncoder            0x00002f54   Data          20  lib.o(.constdata__ZTV18cDevControlEncoder)
    vtable for cDevDisplayGraphic            0x00002f68   Data          68  lib.o(.constdata__ZTV18cDevDisplayGraphic)
    vtable for cHwDisp_SPFD5408Bspi          0x00002fac   Data          80  lib.o(.constdata__ZTV20cHwDisp_SPFD5408Bspi)
    vtable for cDevControlEncoderJoystick    0x00002ffc   Data          20  lib.o(.constdata__ZTV26cDevControlEncoderJoystick)
    vtable for View                          0x00003010   Data          24  view.o(.constdata__ZTV4View)
    vtable for cHwADC                        0x00003028   Data          40  lib.o(.constdata__ZTV6cHwADC)
    vtable for cHwDAC                        0x00003050   Data          20  lib.o(.constdata__ZTV6cHwDAC)
    vtable for cHwPort                       0x00003064   Data          32  lib.o(.constdata__ZTV7cHwPort)
    vtable for cHwADC_0                      0x00003084   Data          40  lib.o(.constdata__ZTV8cHwADC_0)
    vtable for cHwDAC_0                      0x000030ac   Data          20  lib.o(.constdata__ZTV8cHwDAC_0)
    vtable for cHwTimer                      0x000030c0   Data          28  lib.o(.constdata__ZTV8cHwTimer)
    vtable for GUIButton                     0x000030dc   Data          24  guibutton.o(.constdata__ZTV9GUIButton)
    vtable for IDrawable                     0x000030f4   Data          24  main.o(.constdata__ZTV9IDrawable)
    vtable for cHwPort_N                     0x0000310c   Data          32  lib.o(.constdata__ZTV9cHwPort_N)
    vtable for cHwSPImaster::Device          0x0000312c   Data          44  lib.o(.constdata__ZTVN12cHwSPImaster6DeviceE)
    vtable for cList::Item                   0x00003158   Data          12  lib.o(.constdata__ZTVN5cList4ItemE)
    vtable for cHwPort::Pin                  0x00003164   Data          28  lib.o(.constdata__ZTVN7cHwPort3PinE)
    Region$$Table$$Base                      0x00003180   Number         0  anon$$obj.o(Region$$Table)
    Region$$Table$$Limit                     0x000031a0   Number         0  anon$$obj.o(Region$$Table)
    SHT$$INIT_ARRAY$$Base                    0x000031a0   Number         0  main.o(.init_array)
    SHT$$INIT_ARRAY$$Limit                   0x000031a8   Number         0  gui.o(.init_array)
    SystemFrequency                          0x10000000   Data           4  lib.o(.data)
    tcnt                                     0x10000004   Data           4  lib.o(.data)
    fcnt                                     0x10000008   Data           4  lib.o(.data)
    cSystem::cntInterrupt                    0x1000000c   Data           1  lib.o(.data)
    cHwRTOS_MCU::schedule                    0x10000010   Data           4  lib.o(.data)
    cHwRTOS_MCU::sysTic                      0x10000014   Data           4  lib.o(.data)
    cHwRTOS_MCU::sysTicTime                  0x10000018   Data           4  lib.o(.data)
    cHwADC_0::adcPtr                         0x1000001c   Data           4  lib.o(.data)
    cHwTimer_N::timerPtr_0                   0x10000020   Data           4  lib.o(.data)
    cHwTimer_N::timerPtr_1                   0x10000024   Data           4  lib.o(.data)
    cHwTimer_N::timerPtr_2                   0x10000028   Data           4  lib.o(.data)
    cHwTimer_N::timerPtr_3                   0x1000002c   Data           4  lib.o(.data)
    cHwTimer_N::timerPtr_PWM                 0x10000030   Data           4  lib.o(.data)
    cHwUART_N::uartPtr_0                     0x10000034   Data           4  lib.o(.data)
    cHwUART_N::uartPtr_1                     0x10000038   Data           4  lib.o(.data)
    cHwUART_N::uartPtr_3                     0x1000003c   Data           4  lib.o(.data)
    cHwUSB_0::usbPtr                         0x10000040   Data           4  lib.o(.data)
    cIdx                                     0x1000004c   Data           4  lib.o(.data)
    pIdx                                     0x10000050   Data           4  lib.o(.data)
    dac                                      0x10000054   Data           4  main.o(.data)
    adc                                      0x10000058   Data           4  main.o(.data)
    cHwPinConfig::table                      0x1000005c   Data          84  main.o(.data)
    sys                                      0x100000b0   Data           1  main.o(.data)
    port0                                    0x100000b4   Data           8  main.o(.data)
    port1                                    0x100000bc   Data           8  main.o(.data)
    port4                                    0x100000c4   Data           8  main.o(.data)
    dac0                                     0x100000cc   Data           8  main.o(.data)
    spi1                                     0x100000d4   Data           4  main.o(.data)
    disp                                     0x100000d8   Data           8  main.o(.data)
    guard variable for GUI::getInstance()::instance 0x100000e0   Data           4  main.o(.data__ZZN3GUI11getInstanceEvE8instance)
    GUI::getInstance()::instance             0x100000e4   Data           4  main.o(.data__ZZN3GUI11getInstanceEvE8instance)
    timer                                    0x100000e8   Data          24  main.o(.bss)
    timerPWM                                 0x10000100   Data          24  main.o(.bss)
    adc0                                     0x10000118   Data          36  main.o(.bss)
    spiDisplay                               0x1000013c   Data          24  main.o(.bss)
    pinBackLight                             0x10000154   Data          16  main.o(.bss)
    dispHw                                   0x10000164   Data          60  main.o(.bss)
    btnRight                                 0x100001a0   Data          24  main.o(.bss)
    btnLeft                                  0x100001b8   Data          24  main.o(.bss)
    btnCtrl                                  0x100001d0   Data          24  main.o(.bss)
    enc                                      0x100001e8   Data          32  main.o(.bss)
    led                                      0x10000208   Data          24  main.o(.bss)
    GUI::screenRect                          0x10000220   Data          16  gui.o(.bss)
    __libspace_start                         0x10000230   Data          96  libspace.o(.bss)
    __temporary_stack_top$libspace           0x10000290   Data           0  libspace.o(.bss)



==============================================================================

Memory Map of the image

  Image Entry point : 0x00000175

  Load Region LR_1 (Base: 0x00000000, Size: 0x00003290, Max: 0xffffffff, ABSOLUTE)

    Execution Region ER_RO (Base: 0x00000000, Size: 0x000031a8, Max: 0xffffffff, ABSOLUTE)

    Base Addr    Size         Type   Attr      Idx    E Section Name        Object

    0x00000000   0x000000cc   Data   RO            3    RESET               startup_lpc17xx.o
    0x000000cc   0x00000008   Code   RO         6173  * !!!main             c_w.l(__main.o)
    0x000000d4   0x00000034   Code   RO         6715    !!!scatter          c_w.l(__scatter.o)
    0x00000108   0x0000001a   Code   RO         6717    !!handler_copy      c_w.l(__scatter_copy.o)
    0x00000122   0x00000002   PAD
    0x00000124   0x0000001c   Code   RO         6719    !!handler_zi        c_w.l(__scatter_zi.o)
    0x00000140   0x00000002   Code   RO         6654    .ARM.Collect$$libinit$$00000000  c_w.l(libinit.o)
    0x00000142   0x00000000   Code   RO         6458    .ARM.Collect$$libinit$$00000002  c_w.l(libinit2.o)
    0x00000142   0x00000008   Code   RO         6459    .ARM.Collect$$libinit$$00000003  c_w.l(libinit2.o)
    0x0000014a   0x00000000   Code   RO         6461    .ARM.Collect$$libinit$$00000008  c_w.l(libinit2.o)
    0x0000014a   0x00000000   Code   RO         6463    .ARM.Collect$$libinit$$0000000A  c_w.l(libinit2.o)
    0x0000014a   0x00000000   Code   RO         6465    .ARM.Collect$$libinit$$0000000C  c_w.l(libinit2.o)
    0x0000014a   0x00000000   Code   RO         6468    .ARM.Collect$$libinit$$0000000F  c_w.l(libinit2.o)
    0x0000014a   0x00000000   Code   RO         6470    .ARM.Collect$$libinit$$00000011  c_w.l(libinit2.o)
    0x0000014a   0x00000000   Code   RO         6472    .ARM.Collect$$libinit$$00000013  c_w.l(libinit2.o)
    0x0000014a   0x00000000   Code   RO         6474    .ARM.Collect$$libinit$$00000015  c_w.l(libinit2.o)
    0x0000014a   0x00000000   Code   RO         6476    .ARM.Collect$$libinit$$00000017  c_w.l(libinit2.o)
    0x0000014a   0x00000000   Code   RO         6478    .ARM.Collect$$libinit$$00000019  c_w.l(libinit2.o)
    0x0000014a   0x00000000   Code   RO         6480    .ARM.Collect$$libinit$$0000001B  c_w.l(libinit2.o)
    0x0000014a   0x00000000   Code   RO         6482    .ARM.Collect$$libinit$$0000001D  c_w.l(libinit2.o)
    0x0000014a   0x00000000   Code   RO         6484    .ARM.Collect$$libinit$$0000001F  c_w.l(libinit2.o)
    0x0000014a   0x00000000   Code   RO         6486    .ARM.Collect$$libinit$$00000021  c_w.l(libinit2.o)
    0x0000014a   0x00000000   Code   RO         6488    .ARM.Collect$$libinit$$00000023  c_w.l(libinit2.o)
    0x0000014a   0x00000000   Code   RO         6492    .ARM.Collect$$libinit$$0000002A  c_w.l(libinit2.o)
    0x0000014a   0x00000000   Code   RO         6494    .ARM.Collect$$libinit$$0000002C  c_w.l(libinit2.o)
    0x0000014a   0x00000000   Code   RO         6496    .ARM.Collect$$libinit$$0000002E  c_w.l(libinit2.o)
    0x0000014a   0x00000004   Code   RO         6497    .ARM.Collect$$libinit$$0000002F  c_w.l(libinit2.o)
    0x0000014e   0x00000000   Code   RO         6498    .ARM.Collect$$libinit$$00000030  c_w.l(libinit2.o)
    0x0000014e   0x00000002   Code   RO         6499    .ARM.Collect$$libinit$$00000031  c_w.l(libinit2.o)
    0x00000150   0x00000002   Code   RO         6712    .ARM.Collect$$libshutdown$$00000000  c_w.l(libshutdown.o)
    0x00000152   0x00000000   Code   RO         6678    .ARM.Collect$$libshutdown$$00000003  c_w.l(libshutdown2.o)
    0x00000152   0x00000000   Code   RO         6681    .ARM.Collect$$libshutdown$$00000006  c_w.l(libshutdown2.o)
    0x00000152   0x00000000   Code   RO         6684    .ARM.Collect$$libshutdown$$00000009  c_w.l(libshutdown2.o)
    0x00000152   0x00000000   Code   RO         6686    .ARM.Collect$$libshutdown$$0000000B  c_w.l(libshutdown2.o)
    0x00000152   0x00000000   Code   RO         6689    .ARM.Collect$$libshutdown$$0000000E  c_w.l(libshutdown2.o)
    0x00000152   0x00000002   Code   RO         6690    .ARM.Collect$$libshutdown$$0000000F  c_w.l(libshutdown2.o)
    0x00000154   0x00000000   Code   RO         6347    .ARM.Collect$$rtentry$$00000000  c_w.l(rtentry.o)
    0x00000154   0x00000000   Code   RO         6534    .ARM.Collect$$rtentry$$00000002  c_w.l(rtentry2.o)
    0x00000154   0x00000006   Code   RO         6546    .ARM.Collect$$rtentry$$00000004  c_w.l(rtentry4.o)
    0x0000015a   0x00000000   Code   RO         6536    .ARM.Collect$$rtentry$$00000009  c_w.l(rtentry2.o)
    0x0000015a   0x00000004   Code   RO         6537    .ARM.Collect$$rtentry$$0000000A  c_w.l(rtentry2.o)
    0x0000015e   0x00000000   Code   RO         6539    .ARM.Collect$$rtentry$$0000000C  c_w.l(rtentry2.o)
    0x0000015e   0x00000008   Code   RO         6540    .ARM.Collect$$rtentry$$0000000D  c_w.l(rtentry2.o)
    0x00000166   0x00000002   Code   RO         6661    .ARM.Collect$$rtexit$$00000000  c_w.l(rtexit.o)
    0x00000168   0x00000000   Code   RO         6692    .ARM.Collect$$rtexit$$00000002  c_w.l(rtexit2.o)
    0x00000168   0x00000004   Code   RO         6693    .ARM.Collect$$rtexit$$00000003  c_w.l(rtexit2.o)
    0x0000016c   0x00000006   Code   RO         6694    .ARM.Collect$$rtexit$$00000004  c_w.l(rtexit2.o)
    0x00000172   0x00000002   PAD
    0x00000174   0x00000000   Code   RO         6559    .emb_text           c_w.l(maybetermalloc1.o)
    0x00000174   0x00000038   Code   RO            5  * .text               startup_lpc17xx.o
    0x000001ac   0x00000020   Code   RO           13    .text               rtos_asm.o
    0x000001cc   0x0000005e   Code   RO         6063    .text               c_w.l(h1_alloc.o)
    0x0000022a   0x0000004e   Code   RO         6065    .text               c_w.l(h1_free.o)
    0x00000278   0x00000010   Code   RO         6159    .text               c_w.l(abort.o)
    0x00000288   0x00000006   Code   RO         6171    .text               c_w.l(heapauxi.o)
    0x0000028e   0x00000002   PAD
    0x00000290   0x00000024   Code   RO         6178    .text               c_w.l(init_aeabi.o)
    0x000002b4   0x0000000c   Code   RO         6343    .text               c_w.l(sys_exit.o)
    0x000002c0   0x00000008   Code   RO         6355    .text               c_w.l(rt_heap_descriptor_intlibspace.o)
    0x000002c8   0x00000004   Code   RO         6357    .text               c_w.l(hguard.o)
    0x000002cc   0x0000000e   Code   RO         6363    .text               c_w.l(h1_init.o)
    0x000002da   0x0000000e   Code   RO         6447    .text               c_w.l(defsig_abrt_outer.o)
    0x000002e8   0x00000008   Code   RO         6527    .text               c_w.l(libspace.o)
    0x000002f0   0x00000002   Code   RO         6530    .text               c_w.l(use_no_semi.o)
    0x000002f2   0x00000000   Code   RO         6532    .text               c_w.l(indicate_semi.o)
    0x000002f2   0x0000000a   Code   RO         6577    .text               c_w.l(defsig_exit.o)
    0x000002fc   0x00000004   Code   RO            4    .ARM.__at_0x02FC    startup_lpc17xx.o
    0x00000300   0x0000008a   Code   RO         6359    .text               c_w.l(init_alloc.o)
    0x0000038a   0x00000034   Code   RO         6561    .text               c_w.l(h1_extend.o)
    0x000003be   0x00000002   PAD
    0x000003c0   0x00000030   Code   RO         6579    .text               c_w.l(defsig_abrt_inner.o)
    0x000003f0   0x0000000e   Code   RO         6581    .text               c_w.l(defsig_rtmem_outer.o)
    0x000003fe   0x0000004a   Code   RO         6592    .text               c_w.l(sys_stackheap_outer.o)
    0x00000448   0x0000000c   Code   RO         6633    .text               c_w.l(exit.o)
    0x00000454   0x00000032   Code   RO         6637    .text               c_w.l(defsig_general.o)
    0x00000486   0x00000002   PAD
    0x00000488   0x00000050   Code   RO         6643    .text               c_w.l(defsig_rtmem_inner.o)
    0x000004d8   0x0000000e   Code   RO         6659    .text               c_w.l(sys_wrch.o)
    0x000004e6   0x00000002   PAD
    0x000004e8   0x00000024   Code   RO           19    i.ADC_IRQHandler    lib.o
    0x0000050c   0x00000010   Code   RO           20    i.PWM1_IRQHandler   lib.o
    0x0000051c   0x0000002c   Code   RO           21    i.PendSV_Handler    lib.o
    0x00000548   0x0000003c   Code   RO           22    i.SysTick_Handler   lib.o
    0x00000584   0x00000268   Code   RO           23    i.SystemInit        lib.o
    0x000007ec   0x00000010   Code   RO           24    i.TIMER0_IRQHandler  lib.o
    0x000007fc   0x00000010   Code   RO           25    i.TIMER1_IRQHandler  lib.o
    0x0000080c   0x00000010   Code   RO           26    i.TIMER2_IRQHandler  lib.o
    0x0000081c   0x00000010   Code   RO           27    i.TIMER3_IRQHandler  lib.o
    0x0000082c   0x00000018   Code   RO           28    i.UART0_IRQHandler  lib.o
    0x00000844   0x00000018   Code   RO           29    i.UART1_IRQHandler  lib.o
    0x0000085c   0x00000018   Code   RO           30    i.UART3_IRQHandler  lib.o
    0x00000874   0x00000010   Code   RO           31    i.USB_IRQHandler    lib.o
    0x00000884   0x00000018   Code   RO           32    i._Z14NVIC_EnableIRQ4IRQn  lib.o
    0x0000089c   0x00000010   Code   RO           49    i._ZN10cHwDisplayC2Ehh  lib.o
    0x000008ac   0x00000028   Code   RO           50    i._ZN10cHwTimer_N3isrEv  lib.o
    0x000008d4   0x0000017c   Code   RO           53    i._ZN10cHwTimer_NC1ENS_7TimerIdEj  lib.o
    0x00000a50   0x00000012   Code   RO         3770    i._ZN11cDevDigital10isReleasedEv  lib.o
    0x00000a62   0x00000012   Code   RO         3776    i._ZN11cDevDigital11isActivatedEv  lib.o
    0x00000a74   0x0000001a   Code   RO           67    i._ZN11cDevDigital3getEv  lib.o
    0x00000a8e   0x00000006   Code   RO         3758    i._ZN11cDevDigital5isSetEv  lib.o
    0x00000a94   0x00000014   Code   RO         3751    i._ZN11cDevDigital6updateEv  lib.o
    0x00000aa8   0x0000004c   Code   RO           70    i._ZN11cDevDigitalC1ER7cHwPorthNS_4ModeEb  lib.o
    0x00000af4   0x0000000c   Code   RO           71    i._ZN11cDevDisplayC2Ev  lib.o
    0x00000b00   0x00000104   Code   RO           98    i._ZN12cHwPinConfig3setENS_8FunctionEj  lib.o
    0x00000c04   0x0000000e   Code   RO         3352    i._ZN12cHwSPImaster6Device4stopEv  lib.o
    0x00000c12   0x0000000e   Code   RO         3346    i._ZN12cHwSPImaster6Device5startEv  lib.o
    0x00000c20   0x00000038   Code   RO         3002    i._ZN12cHwSPImaster6Device5writeEPht  lib.o
    0x00000c58   0x00000028   Code   RO         3023    i._ZN12cHwSPImaster6DeviceC1ERKS0_  lib.o
    0x00000c80   0x0000004c   Code   RO         5467    i._ZN12cHwSPImaster6DeviceC1ERS_R7cHwPorth  main.o
    0x00000ccc   0x0000000c   Code   RO          101    i._ZN12cHwSPImasterC2Ev  lib.o
    0x00000cd8   0x0000002a   Code   RO          136    i._ZN14cHwDisplayFont7setCharEh  lib.o
    0x00000d02   0x00000030   Code   RO          137    i._ZN14cHwDisplayFont8getPixelEhh  lib.o
    0x00000d32   0x0000000a   Code   RO          138    i._ZN14cHwDisplayFontC1EPK24cHwDisplayFontPropertiesPKh  lib.o
    0x00000d3c   0x00000038   Code   RO          149    i._ZN14cHwSPImaster_114transceiveByteEh  lib.o
    0x00000d74   0x0000009c   Code   RO          151    i._ZN14cHwSPImaster_1C1EN12cHwSPImaster4MODEENS0_11ClockPolPhaE  lib.o
    0x00000e10   0x00000024   Code   RO          173    i._ZN15cDevDisplayCharC1ER10cHwDisplay  lib.o
    0x00000e34   0x00000006   Code   RO          244    i._ZN17cHwDisplayGraphic12gotoPixelPosEtt  lib.o
    0x00000e3a   0x0000004a   Code   RO          245    i._ZN17cHwDisplayGraphic12putRectangleEtttt  lib.o
    0x00000e84   0x00000004   Code   RO          246    i._ZN17cHwDisplayGraphic12setBackColorEt  lib.o
    0x00000e88   0x00000004   Code   RO          247    i._ZN17cHwDisplayGraphic12setTextColorEt  lib.o
    0x00000e8c   0x00000004   Code   RO          248    i._ZN17cHwDisplayGraphic13setPaintColorEt  lib.o
    0x00000e90   0x000000c4   Code   RO          249    i._ZN17cHwDisplayGraphic7putCharEc  lib.o
    0x00000f54   0x00000044   Code   RO          254    i._ZN17cHwDisplayGraphicC2E14cHwDisplayFonth  lib.o
    0x00000f98   0x00000086   Code   RO          267    i._ZN18cDevControlEncoder6updateEv  lib.o
    0x0000101e   0x00000030   Code   RO          268    i._ZN18cDevControlEncoder7getCtrlEv  lib.o
    0x0000104e   0x00000002   PAD
    0x00001050   0x00000058   Code   RO          269    i._ZN18cDevControlEncoderC2EP11cDevDigitalP8cHwTimer  lib.o
    0x000010a8   0x00000012   Code   RO          274    i._ZN18cDevDisplayGraphic12setBackColorEt  lib.o
    0x000010ba   0x00000012   Code   RO          275    i._ZN18cDevDisplayGraphic12setTextColorEt  lib.o
    0x000010cc   0x00000032   Code   RO          276    i._ZN18cDevDisplayGraphic13drawRectangleEttttt  lib.o
    0x000010fe   0x0000000e   Code   RO          278    i._ZN18cDevDisplayGraphic5clearEv  lib.o
    0x0000110c   0x00000034   Code   RO          283    i._ZN18cDevDisplayGraphic8drawTextEttPKc  lib.o
    0x00001140   0x00000024   Code   RO          287    i._ZN18cDevDisplayGraphicC1ER17cHwDisplayGraphic  lib.o
    0x00001164   0x000001b6   Code   RO          300    i._ZN20cHwDisp_SPFD5408Bspi4initEv  lib.o
    0x0000131a   0x0000003e   Code   RO          301    i._ZN20cHwDisp_SPFD5408Bspi5clearEv  lib.o
    0x00001358   0x00000068   Code   RO         3563    i._ZN20cHwDisp_SPFD5408Bspi7setAreaEtttt  lib.o
    0x000013c0   0x00000010   Code   RO         3575    i._ZN20cHwDisp_SPFD5408Bspi8setPixelEt  lib.o
    0x000013d0   0x0000002c   Code   RO         3110    i._ZN20cHwDisp_SPFD5408Bspi8writeCmdEt  lib.o
    0x000013fc   0x0000002c   Code   RO         3104    i._ZN20cHwDisp_SPFD5408Bspi8writeDatEt  lib.o
    0x00001428   0x0000001a   Code   RO         3557    i._ZN20cHwDisp_SPFD5408Bspi8writeRegEht  lib.o
    0x00001442   0x0000003c   Code   RO         3116    i._ZN20cHwDisp_SPFD5408Bspi9maxWindowEv  lib.o
    0x0000147e   0x00000002   PAD
    0x00001480   0x00000058   Code   RO          302    i._ZN20cHwDisp_SPFD5408BspiC1ERN12cHwSPImaster6DeviceERN7cHwPort3PinE14cHwDisplayFonth  lib.o
    0x000014d8   0x00000072   Code   RO          322    i._ZN26cDevControlEncoderJoystick12getIncrementEv  lib.o
    0x0000154a   0x00000002   PAD
    0x0000154c   0x0000005c   Code   RO          323    i._ZN26cDevControlEncoderJoystickC1EP11cDevDigitalS1_S1_P8cHwTimert  lib.o
    0x000015a8   0x0000005c   Code   RO         6024    i._ZN3GUI10drawStringE4RectttPc  guibutton.o
    0x00001604   0x0000000e   Code   RO         5449    i._ZN4RectC1Eiiii   main.o
    0x00001612   0x00000044   Code   RO         5819    i._ZN4View10shouldDrawE4Rect  view.o
    0x00001656   0x0000006e   Code   RO         5820    i._ZN4View4drawE4Rect  view.o
    0x000016c4   0x00000084   Code   RO         5821    i._ZN4View6onDrawE4Rect  view.o
    0x00001748   0x00000014   Code   RO         5461    i._ZN4View8addChildER9IDrawable  main.o
    0x0000175c   0x00000044   Code   RO         5455    i._ZN4ViewC1E4Rectt  main.o
    0x000017a0   0x0000002c   Code   RO          330    i._ZN5cList3addEPNS_4ItemE  lib.o
    0x000017cc   0x00000002   Code   RO         4082    i._ZN5cList4Item6updateEv  lib.o
    0x000017ce   0x00000006   Code   RO          331    i._ZN5cList4Item7getNextEv  lib.o
    0x000017d4   0x00000020   Code   RO          333    i._ZN5cList4ItemC1EPS_  lib.o
    0x000017f4   0x00000006   Code   RO          334    i._ZN5cList8getFirstEv  lib.o
    0x000017fa   0x00000018   Code   RO          335    i._ZN5cList9updateAllEv  lib.o
    0x00001812   0x00000006   Code   RO          336    i._ZN5cListC1Ev     lib.o
    0x00001818   0x00000058   Code   RO         3222    i._ZN6cHwADC3isrEv  lib.o
    0x00001870   0x00000034   Code   RO         3215    i._ZN6cHwADC6updateEv  lib.o
    0x000018a4   0x00000054   Code   RO          339    i._ZN6cHwADCC2EhP8cHwTimer  lib.o
    0x000018f8   0x0000000c   Code   RO          340    i._ZN6cHwDACC2Eh    lib.o
    0x00001904   0x00000010   Code   RO         3855    i._ZN7cHwPort3Pin3clrEv  lib.o
    0x00001914   0x0000001a   Code   RO         2982    i._ZN7cHwPort3Pin3getEv  lib.o
    0x0000192e   0x00000020   Code   RO         2975    i._ZN7cHwPort3Pin3setEb  lib.o
    0x0000194e   0x00000010   Code   RO         3848    i._ZN7cHwPort3Pin3setEv  lib.o
    0x0000195e   0x00000014   Code   RO         2968    i._ZN7cHwPort3Pin7setModeENS_4ModeE  lib.o
    0x00001972   0x00000002   PAD
    0x00001974   0x00000018   Code   RO          355    i._ZN7cHwPort3PinC1ERS_h  lib.o
    0x0000198c   0x0000000c   Code   RO         3271    i._ZN7cHwPortC2Ev   lib.o
    0x00001998   0x00000030   Code   RO          403    i._ZN7cSystem13delayMicroSecEt  lib.o
    0x000019c8   0x00000018   Code   RO          404    i._ZN7cSystem13delayMilliSecEt  lib.o
    0x000019e0   0x00000002   Code   RO          406    i._ZN7cSystem15disableWatchdogEv  lib.o
    0x000019e2   0x00000002   PAD
    0x000019e4   0x00000020   Code   RO          407    i._ZN7cSystem15enableInterruptEv  lib.o
    0x00001a04   0x00000014   Code   RO          408    i._ZN7cSystem16disableInterruptEv  lib.o
    0x00001a18   0x00000018   Code   RO          413    i._ZN7cSystemC1Eh   lib.o
    0x00001a30   0x00000018   Code   RO         3235    i._ZN8cHwADC_07startChEh  lib.o
    0x00001a48   0x00000010   Code   RO         3229    i._ZN8cHwADC_09getResultEv  lib.o
    0x00001a58   0x00000068   Code   RO          415    i._ZN8cHwADC_0C1EP8cHwTimer  lib.o
    0x00001ac0   0x00000054   Code   RO          416    i._ZN8cHwDAC_0C1Ev  lib.o
    0x00001b14   0x0000000e   Code   RO         3197    i._ZN8cHwTimer10isrHandlerEv  lib.o
    0x00001b22   0x00000006   Code   RO          420    i._ZN8cHwTimer12getCycleTimeEv  lib.o
    0x00001b28   0x00000012   Code   RO          421    i._ZN8cHwTimer3addEPN5cList4ItemE  lib.o
    0x00001b3a   0x00000002   PAD
    0x00001b3c   0x000000e8   Code   RO         2954    i._ZN8cHwUSB_03isrEv  lib.o
    0x00001c24   0x00000028   Code   RO          426    i._ZN8cHwUSB_05WrCmdEj  lib.o
    0x00001c4c   0x00000030   Code   RO          431    i._ZN8cHwUSB_08RdCmdDatEj  lib.o
    0x00001c7c   0x00000030   Code   RO         6007    i._ZN9GUIButton6onDrawE4Rect  guibutton.o
    0x00001cac   0x00000002   Code   RO         5479    i._ZN9IDrawable6updateEv  main.o
    0x00001cae   0x00000028   Code   RO          444    i._ZN9cHwPort_N10setPinModeEhN7cHwPort4ModeE  lib.o
    0x00001cd6   0x00000006   Code   RO         3334    i._ZN9cHwPort_N3clrEj  lib.o
    0x00001cdc   0x00000008   Code   RO         3340    i._ZN9cHwPort_N3getEv  lib.o
    0x00001ce4   0x00000006   Code   RO         3322    i._ZN9cHwPort_N3setEj  lib.o
    0x00001cea   0x00000002   PAD
    0x00001cec   0x00000058   Code   RO          446    i._ZN9cHwPort_NC1ENS_6PortIdE  lib.o
    0x00001d44   0x00000008   Code   RO          449    i._ZNK14cHwDisplayFont12getCharWidthEv  lib.o
    0x00001d4c   0x00000008   Code   RO          450    i._ZNK14cHwDisplayFont13getCharHeightEv  lib.o
    0x00001d54   0x0000000c   Code   RO         3185    i._Znaj             lib.o
    0x00001d60   0x00000010   Code   RO         6181    i.__cxa_guard_acquire  cpprt_w.l(cxa_guard_acquire.o)
    0x00001d70   0x00000004   Code   RO          454    i.__cxa_pure_virtual  lib.o
    0x00001d74   0x0000000c   Code   RO         5979    i.__sti___7_GUI_cpp  gui.o
    0x00001d80   0x0000013c   Code   RO         5424    i.__sti___8_main_cpp  main.o
    0x00001ebc   0x00000110   Code   RO         5425    i.main              main.o
    0x00001fcc   0x00000020   Code   RO         3179    t._ZN5cFifoIN18cDevControlEncoder6tEventEE6isFullEv  lib.o
    0x00001fec   0x00000040   Code   RO         3173    t._ZN5cFifoIN18cDevControlEncoder6tEventEElsERKS1_  lib.o
    0x0000202c   0x000002b0   Code   RO         6288    x$fpl$ddiv          fz_ws.l(ddiv.o)
    0x000022dc   0x0000005a   Code   RO         6291    x$fpl$dfixu         fz_ws.l(dfixu.o)
    0x00002336   0x00000026   Code   RO         6295    x$fpl$dfltu         fz_ws.l(dflt_clz.o)
    0x0000235c   0x00000154   Code   RO         6301    x$fpl$dmul          fz_ws.l(dmul.o)
    0x000024b0   0x0000009c   Code   RO         6510    x$fpl$dnaninf       fz_ws.l(dnaninf.o)
    0x0000254c   0x0000000c   Code   RO         6512    x$fpl$dretinf       fz_ws.l(dretinf.o)
    0x00002558   0x00000018   Code   RO         6514    x$fpl$fcmpinf       fz_ws.l(fcmpi.o)
    0x00002570   0x00000184   Code   RO         6310    x$fpl$fdiv          fz_ws.l(fdiv.o)
    0x000026f4   0x0000003e   Code   RO         6319    x$fpl$ffixu         fz_ws.l(ffixu.o)
    0x00002732   0x00000002   PAD
    0x00002734   0x00000026   Code   RO         6323    x$fpl$ffltu         fz_ws.l(fflt_clz.o)
    0x0000275a   0x00000002   PAD
    0x0000275c   0x00000068   Code   RO         6329    x$fpl$fleqf         fz_ws.l(fleqf.o)
    0x000027c4   0x00000102   Code   RO         6331    x$fpl$fmul          fz_ws.l(fmul.o)
    0x000028c6   0x0000008c   Code   RO         6516    x$fpl$fnaninf       fz_ws.l(fnaninf.o)
    0x00002952   0x0000000a   Code   RO         6518    x$fpl$fretinf       fz_ws.l(fretinf.o)
    0x0000295c   0x00000062   Code   RO         6333    x$fpl$frleqf        fz_ws.l(frleqf.o)
    0x000029be   0x00000000   Code   RO         6524    x$fpl$usenofp       fz_ws.l(usenofp.o)
    0x000029be   0x00000485   Data   RO         5429    .constdata          main.o
    0x00002e43   0x00000001   PAD
    0x00002e44   0x0000001c   Data   RO         3877    .constdata__ZTV10cHwDisplay  lib.o
    0x00002e60   0x0000001c   Data   RO         2899    .constdata__ZTV10cHwTimer_N  lib.o
    0x00002e7c   0x00000044   Data   RO         2865    .constdata__ZTV11cDevDigital  lib.o
    0x00002ec0   0x00000010   Data   RO         3929    .constdata__ZTV11cDevDisplay  lib.o
    0x00002ed0   0x00000010   Data   RO         3900    .constdata__ZTV12cHwSPImaster  lib.o
    0x00002ee0   0x00000010   Data   RO         2897    .constdata__ZTV14cHwSPImaster_1  lib.o
    0x00002ef0   0x00000014   Data   RO         2937    .constdata__ZTV15cDevDisplayChar  lib.o
    0x00002f04   0x00000050   Data   RO         2853    .constdata__ZTV17cHwDisplayGraphic  lib.o
    0x00002f54   0x00000014   Data   RO         2943    .constdata__ZTV18cDevControlEncoder  lib.o
    0x00002f68   0x00000044   Data   RO         2939    .constdata__ZTV18cDevDisplayGraphic  lib.o
    0x00002fac   0x00000050   Data   RO         2909    .constdata__ZTV20cHwDisp_SPFD5408Bspi  lib.o
    0x00002ffc   0x00000014   Data   RO         2945    .constdata__ZTV26cDevControlEncoderJoystick  lib.o
    0x00003010   0x00000018   Data   RO         5849    .constdata__ZTV4View  view.o
    0x00003028   0x00000028   Data   RO         2869    .constdata__ZTV6cHwADC  lib.o
    0x00003050   0x00000014   Data   RO         3865    .constdata__ZTV6cHwDAC  lib.o
    0x00003064   0x00000020   Data   RO         3871    .constdata__ZTV7cHwPort  lib.o
    0x00003084   0x00000028   Data   RO         2885    .constdata__ZTV8cHwADC_0  lib.o
    0x000030ac   0x00000014   Data   RO         3867    .constdata__ZTV8cHwDAC_0  lib.o
    0x000030c0   0x0000001c   Data   RO         2833    .constdata__ZTV8cHwTimer  lib.o
    0x000030dc   0x00000018   Data   RO         6023    .constdata__ZTV9GUIButton  guibutton.o
    0x000030f4   0x00000018   Data   RO         5475    .constdata__ZTV9IDrawable  main.o
    0x0000310c   0x00000020   Data   RO         2837    .constdata__ZTV9cHwPort_N  lib.o
    0x0000312c   0x0000002c   Data   RO         2839    .constdata__ZTVN12cHwSPImaster6DeviceE  lib.o
    0x00003158   0x0000000c   Data   RO         3863    .constdata__ZTVN5cList4ItemE  lib.o
    0x00003164   0x0000001c   Data   RO         3869    .constdata__ZTVN7cHwPort3PinE  lib.o
    0x00003180   0x00000020   Data   RO         6713    Region$$Table       anon$$obj.o
    0x000031a0   0x00000004   Data   RO         5431    .init_array         main.o
    0x000031a4   0x00000004   Data   RO         5982    .init_array         gui.o


    Execution Region ER_RW (Base: 0x10000000, Size: 0x000000e8, Max: 0xffffffff, ABSOLUTE)

    Base Addr    Size         Type   Attr      Idx    E Section Name        Object

    0x10000000   0x00000054   Data   RW          892    .data               lib.o
    0x10000054   0x0000008c   Data   RW         5430    .data               main.o
    0x100000e0   0x00000008   Data   RW         5476    .data__ZZN3GUI11getInstanceEvE8instance  main.o


    Execution Region ER_ZI (Base: 0x100000e8, Size: 0x000071a8, Max: 0xffffffff, ABSOLUTE)

    Base Addr    Size         Type   Attr      Idx    E Section Name        Object

    0x100000e8   0x00000138   Zero   RW         5428    .bss                main.o
    0x10000220   0x00000010   Zero   RW         5981    .bss                gui.o
    0x10000230   0x00000060   Zero   RW         6528    .bss                c_w.l(libspace.o)
    0x10000290   0x00006000   Zero   RW            2    HEAP                startup_lpc17xx.o
    0x10006290   0x00001000   Zero   RW            1    STACK               startup_lpc17xx.o


==============================================================================

Image component sizes


      Code (inc. data)   RO Data    RW Data    ZI Data      Debug   Object Name

        12          6          4          0         16       2072   gui.o
       140          8         24          0          0       4640   guibutton.o
      5720        516        756         84          0     138328   lib.o
       768        116       1185        148        312      30762   main.o
        32          0          0          0          0        408   rtos_asm.o
        60         26        204          0      28672       1044   startup_lpc17xx.o
       310          8         24          0          0       5280   view.o

    ----------------------------------------------------------------------
      7056        680       2230        232      29000     182534   Object Totals
         0          0         32          0          0          0   (incl. Generated)
        14          0          1          0          0          0   (incl. Padding)

    ----------------------------------------------------------------------

      Code (inc. data)   RO Data    RW Data    ZI Data      Debug   Library Member Name

         8          0          0          0          0         68   __main.o
        52          8          0          0          0          0   __scatter.o
        26          0          0          0          0          0   __scatter_copy.o
        28          0          0          0          0          0   __scatter_zi.o
        16          0          0          0          0         72   abort.o
        48         34          0          0          0         76   defsig_abrt_inner.o
        14          0          0          0          0         80   defsig_abrt_outer.o
        10          0          0          0          0         68   defsig_exit.o
        50          0          0          0          0         88   defsig_general.o
        80         58          0          0          0         76   defsig_rtmem_inner.o
        14          0          0          0          0         80   defsig_rtmem_outer.o
        12          0          0          0          0         72   exit.o
        94          0          0          0          0         80   h1_alloc.o
        52          0          0          0          0         68   h1_extend.o
        78          0          0          0          0         80   h1_free.o
        14          0          0          0          0         84   h1_init.o
         6          0          0          0          0        152   heapauxi.o
         4          0          0          0          0        136   hguard.o
         0          0          0          0          0          0   indicate_semi.o
        36         10          0          0          0         80   init_aeabi.o
       138          0          0          0          0        168   init_alloc.o
         2          0          0          0          0          0   libinit.o
        14          0          0          0          0          0   libinit2.o
         2          0          0          0          0          0   libshutdown.o
         2          0          0          0          0          0   libshutdown2.o
         8          4          0          0         96         68   libspace.o
         0          0          0          0          0          0   maybetermalloc1.o
         8          4          0          0          0         68   rt_heap_descriptor_intlibspace.o
         0          0          0          0          0          0   rtentry.o
        12          0          0          0          0          0   rtentry2.o
         6          0          0          0          0          0   rtentry4.o
         2          0          0          0          0          0   rtexit.o
        10          0          0          0          0          0   rtexit2.o
        12          4          0          0          0         68   sys_exit.o
        74          0          0          0          0         80   sys_stackheap_outer.o
        14          0          0          0          0         76   sys_wrch.o
         2          0          0          0          0         68   use_no_semi.o
        16          0          0          0          0         68   cxa_guard_acquire.o
       688        140          0          0          0        208   ddiv.o
        90          4          0          0          0         92   dfixu.o
        38          0          0          0          0         68   dflt_clz.o
       340         12          0          0          0        104   dmul.o
       156          4          0          0          0         92   dnaninf.o
        12          0          0          0          0         68   dretinf.o
        24          0          0          0          0         68   fcmpi.o
       388         76          0          0          0         96   fdiv.o
        62          4          0          0          0         84   ffixu.o
        38          0          0          0          0         68   fflt_clz.o
       104          4          0          0          0         84   fleqf.o
       258          4          0          0          0         84   fmul.o
       140          4          0          0          0         84   fnaninf.o
        10          0          0          0          0         68   fretinf.o
        98          0          0          0          0         68   frleqf.o
         0          0          0          0          0          0   usenofp.o

    ----------------------------------------------------------------------
      3426        374          0          0         96       3360   Library Totals
        16          0          0          0          0          0   (incl. Padding)

    ----------------------------------------------------------------------

      Code (inc. data)   RO Data    RW Data    ZI Data      Debug   Library Name

       948        122          0          0         96       1956   c_w.l
        16          0          0          0          0         68   cpprt_w.l
      2446        252          0          0          0       1336   fz_ws.l

    ----------------------------------------------------------------------
      3426        374          0          0         96       3360   Library Totals

    ----------------------------------------------------------------------

==============================================================================


      Code (inc. data)   RO Data    RW Data    ZI Data      Debug   

     10482       1054       2230        232      29096     177678   Grand Totals
     10482       1054       2230        232      29096     177678   ELF Image Totals
     10482       1054       2230        232          0          0   ROM Totals

==============================================================================

    Total RO  Size (Code + RO Data)                12712 (  12.41kB)
    Total RW  Size (RW Data + ZI Data)             29328 (  28.64kB)
    Total ROM Size (Code + RO Data + RW Data)      12944 (  12.64kB)

==============================================================================

